Archive member included to satisfy reference by file (symbol)

C:/Users/MAKERX~1/PICO-S~1/TOOLCH~1/14_2_R~1/bin/../lib/gcc/arm-none-eabi/14.2.1/thumb/v6-m/nofp\libgcc.a(_dvmd_tls.o)
                              src/CMakeFiles/projeto_tcc_monitoramento.dir/C_/Users/Maker_X/.pico-sdk/sdk/2.1.1/src/rp2_common/pico_divider/divider_hardware.S.obj (__aeabi_idiv0)
C:/Users/MAKERX~1/PICO-S~1/TOOLCH~1/14_2_R~1/bin/../lib/gcc/arm-none-eabi/14.2.1/thumb/v6-m/nofp\libg.a(libc_a-calloc.o)
                              src/CMakeFiles/projeto_tcc_monitoramento.dir/C_/Users/Maker_X/.pico-sdk/sdk/2.1.1/src/rp2_common/pico_malloc/malloc.c.obj (calloc)
C:/Users/MAKERX~1/PICO-S~1/TOOLCH~1/14_2_R~1/bin/../lib/gcc/arm-none-eabi/14.2.1/thumb/v6-m/nofp\libg.a(libc_a-callocr.o)
                              C:/Users/MAKERX~1/PICO-S~1/TOOLCH~1/14_2_R~1/bin/../lib/gcc/arm-none-eabi/14.2.1/thumb/v6-m/nofp\libg.a(libc_a-calloc.o) (_calloc_r)
C:/Users/MAKERX~1/PICO-S~1/TOOLCH~1/14_2_R~1/bin/../lib/gcc/arm-none-eabi/14.2.1/thumb/v6-m/nofp\libg.a(libc_a-malloc.o)
                              src/CMakeFiles/projeto_tcc_monitoramento.dir/C_/Users/Maker_X/.pico-sdk/sdk/2.1.1/src/rp2_common/pico_malloc/malloc.c.obj (malloc)
C:/Users/MAKERX~1/PICO-S~1/TOOLCH~1/14_2_R~1/bin/../lib/gcc/arm-none-eabi/14.2.1/thumb/v6-m/nofp\libg.a(libc_a-mallocr.o)
                              C:/Users/MAKERX~1/PICO-S~1/TOOLCH~1/14_2_R~1/bin/../lib/gcc/arm-none-eabi/14.2.1/thumb/v6-m/nofp\libg.a(libc_a-callocr.o) (_malloc_r)
C:/Users/MAKERX~1/PICO-S~1/TOOLCH~1/14_2_R~1/bin/../lib/gcc/arm-none-eabi/14.2.1/thumb/v6-m/nofp\libg.a(libc_a-mlock.o)
                              C:/Users/MAKERX~1/PICO-S~1/TOOLCH~1/14_2_R~1/bin/../lib/gcc/arm-none-eabi/14.2.1/thumb/v6-m/nofp\libg.a(libc_a-mallocr.o) (__malloc_lock)
C:/Users/MAKERX~1/PICO-S~1/TOOLCH~1/14_2_R~1/bin/../lib/gcc/arm-none-eabi/14.2.1/thumb/v6-m/nofp\libg.a(libc_a-realloc.o)
                              src/CMakeFiles/projeto_tcc_monitoramento.dir/C_/Users/Maker_X/.pico-sdk/sdk/2.1.1/src/rp2_common/pico_malloc/malloc.c.obj (realloc)
C:/Users/MAKERX~1/PICO-S~1/TOOLCH~1/14_2_R~1/bin/../lib/gcc/arm-none-eabi/14.2.1/thumb/v6-m/nofp\libg.a(libc_a-reallocr.o)
                              C:/Users/MAKERX~1/PICO-S~1/TOOLCH~1/14_2_R~1/bin/../lib/gcc/arm-none-eabi/14.2.1/thumb/v6-m/nofp\libg.a(libc_a-realloc.o) (_realloc_r)
C:/Users/MAKERX~1/PICO-S~1/TOOLCH~1/14_2_R~1/bin/../lib/gcc/arm-none-eabi/14.2.1/thumb/v6-m/nofp\libg.a(libc_a-memcmp.o)
                              src/CMakeFiles/projeto_tcc_monitoramento.dir/C_/Users/Maker_X/.pico-sdk/sdk/2.1.1/src/rp2_common/pico_atomic/atomic.c.obj (memcmp)
C:/Users/MAKERX~1/PICO-S~1/TOOLCH~1/14_2_R~1/bin/../lib/gcc/arm-none-eabi/14.2.1/thumb/v6-m/nofp\libg.a(libc_a-memmove.o)
                              C:/Users/MAKERX~1/PICO-S~1/TOOLCH~1/14_2_R~1/bin/../lib/gcc/arm-none-eabi/14.2.1/thumb/v6-m/nofp\libg.a(libc_a-reallocr.o) (memmove)
C:/Users/MAKERX~1/PICO-S~1/TOOLCH~1/14_2_R~1/bin/../lib/gcc/arm-none-eabi/14.2.1/thumb/v6-m/nofp\libg.a(libc_a-lcltime_r.o)
                              src/CMakeFiles/projeto_tcc_monitoramento.dir/C_/Users/Maker_X/.pico-sdk/sdk/2.1.1/src/common/pico_util/datetime.c.obj (localtime_r)
C:/Users/MAKERX~1/PICO-S~1/TOOLCH~1/14_2_R~1/bin/../lib/gcc/arm-none-eabi/14.2.1/thumb/v6-m/nofp\libg.a(libc_a-mktime.o)
                              src/CMakeFiles/projeto_tcc_monitoramento.dir/C_/Users/Maker_X/.pico-sdk/sdk/2.1.1/src/common/pico_util/datetime.c.obj (mktime)
C:/Users/MAKERX~1/PICO-S~1/TOOLCH~1/14_2_R~1/bin/../lib/gcc/arm-none-eabi/14.2.1/thumb/v6-m/nofp\libg.a(libc_a-month_lengths.o)
                              C:/Users/MAKERX~1/PICO-S~1/TOOLCH~1/14_2_R~1/bin/../lib/gcc/arm-none-eabi/14.2.1/thumb/v6-m/nofp\libg.a(libc_a-lcltime_r.o) (__month_lengths)
C:/Users/MAKERX~1/PICO-S~1/TOOLCH~1/14_2_R~1/bin/../lib/gcc/arm-none-eabi/14.2.1/thumb/v6-m/nofp\libg.a(libc_a-tzcalc_limits.o)
                              C:/Users/MAKERX~1/PICO-S~1/TOOLCH~1/14_2_R~1/bin/../lib/gcc/arm-none-eabi/14.2.1/thumb/v6-m/nofp\libg.a(libc_a-lcltime_r.o) (__tzcalc_limits)
C:/Users/MAKERX~1/PICO-S~1/TOOLCH~1/14_2_R~1/bin/../lib/gcc/arm-none-eabi/14.2.1/thumb/v6-m/nofp\libg.a(libc_a-tzlock.o)
                              C:/Users/MAKERX~1/PICO-S~1/TOOLCH~1/14_2_R~1/bin/../lib/gcc/arm-none-eabi/14.2.1/thumb/v6-m/nofp\libg.a(libc_a-lcltime_r.o) (__tz_lock)
C:/Users/MAKERX~1/PICO-S~1/TOOLCH~1/14_2_R~1/bin/../lib/gcc/arm-none-eabi/14.2.1/thumb/v6-m/nofp\libg.a(libc_a-tzset.o)
                              C:/Users/MAKERX~1/PICO-S~1/TOOLCH~1/14_2_R~1/bin/../lib/gcc/arm-none-eabi/14.2.1/thumb/v6-m/nofp\libg.a(libc_a-lcltime_r.o) (_tzset_unlocked)
C:/Users/MAKERX~1/PICO-S~1/TOOLCH~1/14_2_R~1/bin/../lib/gcc/arm-none-eabi/14.2.1/thumb/v6-m/nofp\libg.a(libc_a-tzset_r.o)
                              C:/Users/MAKERX~1/PICO-S~1/TOOLCH~1/14_2_R~1/bin/../lib/gcc/arm-none-eabi/14.2.1/thumb/v6-m/nofp\libg.a(libc_a-tzset.o) (_tzset_unlocked_r)
[...]
Memory Configuration

Name             Origin             Length             Attributes
FLASH            0x10000000         0x00200000         xr
RAM              0x20000000         0x00040000         xrw
SCRATCH_X        0x20040000         0x00001000         xrw
SCRATCH_Y        0x20041000         0x00001000         xrw
*default*        0x00000000         0xffffffff

Linker script and memory map

LOAD C:/Users/MAKERX~1/PICO-S~1/TOOLCH~1/14_2_R~1/bin/../lib/gcc/arm-none-eabi/14.2.1/thumb/v6-m/nofp/crti.o
LOAD C:/Users/MAKERX~1/PICO-S~1/TOOLCH~1/14_2_R~1/bin/../lib/gcc/arm-none-eabi/14.2.1/thumb/v6-m/nofp/crtbegin.o
LOAD C:/Users/MAKERX~1/PICO-S~1/TOOLCH~1/14_2_R~1/bin/../lib/gcc/arm-none-eabi/14.2.1/thumb/v6-m/nofp/crt0.o

.flash_begin    0x10000000        0x0
                0x10000000                        __flash_binary_start = .

.boot2          0x10000000      0x100
                0x10000000                        __boot2_start__ = .
 *(.boot2)
 .boot2         0x10000000      0x100 pico-sdk/src/rp2040/boot_stage2/CMakeFiles/bs2_default_library.dir/./bs2_default_padded_checksummed.S.obj
                0x10000100                        __boot2_end__ = .
                0x00000001                        ASSERT (((__boot2_end__ - __boot2_start__) == 0x100), ERROR: Pico second stage bootloader must be 256 bytes in size)

.text           0x10000100     0xdbb8
                0x10000100                        __logical_binary_start = .
 *(.vectors)
 .vectors       0x10000100       0xd4 src/CMakeFiles/projeto_tcc_monitoramento.dir/C_/Users/Maker_X/.pico-sdk/sdk/2.1.1/src/rp2_common/pico_crt0/crt0.S.obj
                0x10000100                __VECTOR_TABLE
                0x10000100                __vectors
                0x100001c0                isr_invalid
                0x100001c0                __default_isrs_start
                0x100001c2                isr_nmi
                0x100001c4                isr_hardfault
                0x100001c6                isr_svcall
                0x100001c8                isr_pendsv
                0x100001ca                isr_systick
                0x100001cc                isr_irq23
                0x100001cc                isr_irq18
                0x100001cc                isr_irq11
                0x100001cc                isr_irq28
                0x100001cc                isr_irq19
                0x100001cc                isr_irq0
                0x100001cc                isr_irq6
                0x100001cc                isr_irq5
                0x100001cc                isr_irq12
                0x100001cc                isr_irq22
                0x100001cc                isr_irq31
                0x100001cc                isr_irq17
                0x100001cc                isr_irq27
                0x100001cc                isr_irq30
                0x100001cc                isr_irq2
                0x100001cc                isr_irq10
                0x100001cc                isr_irq8
                0x100001cc                isr_irq24
                0x100001cc                isr_irq1
                0x100001cc                isr_irq7
                0x100001cc                isr_irq21
                0x100001cc                isr_irq20
                0x100001cc                isr_irq15
                0x100001cc                isr_irq25
                0x100001cc                isr_irq13
                0x100001cc                __unhandled_user_irq
                0x100001cc                isr_irq4
                0x100001cc                isr_irq16
                0x100001cc                isr_irq29
                0x100001cc                isr_irq26
                0x100001cc                __default_isrs_end
                0x100001cc                isr_irq3
                0x100001cc                isr_irq14
                0x100001cc                isr_irq9
                0x100001d2                unhandled_user_irq_num_in_r0
 *(.binary_info_header)
 .binary_info_header
                0x100001d4       0x14 src/CMakeFiles/projeto_tcc_monitoramento.dir/C_/Users/Maker_X/.pico-sdk/sdk/2.1.1/src/rp2_common/pico_crt0/crt0.S.obj
                0x100001e8                        __binary_info_header_end = .
 *(.embedded_block)
                0x100001e8                        __embedded_block_end = .
 *(.reset)
 .reset         0x100001e8       0x9c src/CMakeFiles/projeto_tcc_monitoramento.dir/C_/Users/Maker_X/.pico-sdk/sdk/2.1.1/src/rp2_common/pico_crt0/crt0.S.obj
                0x100001e8                _entry_point
 *(.init)
 .init          0x10000284        0x4 C:/Users/MAKERX~1/PICO-S~1/TOOLCH~1/14_2_R~1/bin/../lib/gcc/arm-none-eabi/14.2.1/thumb/v6-m/nofp/crti.o
                0x10000284                _init
 *(EXCLUDE_FILE(*libm.a: *libc.a:*lib_a-mem*.o *libgcc.a:) .text*)
 .text.register_tm_clones
                0x10000288       0x28 C:/Users/MAKERX~1/PICO-S~1/TOOLCH~1/14_2_R~1/bin/../lib/gcc/arm-none-eabi/14.2.1/thumb/v6-m/nofp/crtbegin.o
 .text.frame_dummy
                0x100002b0       0x24 C:/Users/MAKERX~1/PICO-S~1/TOOLCH~1/14_2_R~1/bin/../lib/gcc/arm-none-eabi/14.2.1/thumb/v6-m/nofp/crtbegin.o
 .text.startup.main
                0x100002d4      0x1c4 src/CMakeFiles/projeto_tcc_monitoramento.dir/main.c.obj
                0x100002d4                main
 .text.buzzer_set_freq
                0x10000498       0xa0 src/CMakeFiles/projeto_tcc_monitoramento.dir/perifericos.c.obj
                0x10000498                buzzer_set_freq
 .text.init_perifericos
                0x10000538      0x2b4 src/CMakeFiles/projeto_tcc_monitoramento.dir/perifericos.c.obj
                0x10000538                init_perifericos
 .text.test_leds_rgb
                0x100007ec       0x48 src/CMakeFiles/projeto_tcc_monitoramento.dir/perifericos.c.obj
                0x100007ec                test_leds_rgb
 .text.test_botoes
                0x10000834       0x3c src/CMakeFiles/projeto_tcc_monitoramento.dir/perifericos.c.obj
                0x10000834                test_botoes
 .text.test_microfone
                0x10000870       0x6c src/CMakeFiles/projeto_tcc_monitoramento.dir/perifericos.c.obj
                0x10000870                test_microfone
 .text.buzzer_pwm_init
                0x100008dc       0x8c src/CMakeFiles/projeto_tcc_monitoramento.dir/perifericos.c.obj
                0x100008dc                buzzer_pwm_init
 .text.buzzer_set_alarm
                0x10000968       0x2c src/CMakeFiles/projeto_tcc_monitoramento.dir/perifericos.c.obj
                0x10000968                buzzer_set_alarm
 .text.test_buzzer_pwm
                0x10000994      0x120 src/CMakeFiles/projeto_tcc_monitoramento.dir/perifericos.c.obj
                0x10000994                test_buzzer_pwm
 .text.test_display_oled
                0x10000ab4       0x4c src/CMakeFiles/projeto_tcc_monitoramento.dir/perifericos.c.obj
                0x10000ab4                test_display_oled
 .text.test_sensor_vl53l0x
                0x10000b00       0x38 src/CMakeFiles/projeto_tcc_monitoramento.dir/perifericos.c.obj
                0x10000b00                test_sensor_vl53l0x
 .text.test_servos
                0x10000b38      0x1e8 src/CMakeFiles/projeto_tcc_monitoramento.dir/perifericos.c.obj
                0x10000b38                test_servos
 .text.test_joystick
                0x10000d20       0xa8 src/CMakeFiles/projeto_tcc_monitoramento.dir/perifericos.c.obj
                0x10000d20                test_joystick
 .text.send_sequence_to_fpga.0
                0x10000dc8      0x100 src/CMakeFiles/projeto_tcc_monitoramento.dir/tarefas.c.obj
 .text.task_self_test
                0x10000ec8       0xa4 src/CMakeFiles/projeto_tcc_monitoramento.dir/tarefas.c.obj
                0x10000ec8                task_self_test
 .text.task_distancia_display
                0x10000f6c      0x138 src/CMakeFiles/projeto_tcc_monitoramento.dir/tarefas.c.obj
                0x10000f6c                task_distancia_display
 .text.task_alerta_proximidade
                0x100010a4      0x280 src/CMakeFiles/projeto_tcc_monitoramento.dir/tarefas.c.obj
                0x100010a4                task_alerta_proximidade
 .text.task_coordenador_controle
                0x10001324      0x108 src/CMakeFiles/projeto_tcc_monitoramento.dir/tarefas.c.obj
                0x10001324                task_coordenador_controle
 .text.task_control_garra
                0x1000142c      0x11c src/CMakeFiles/projeto_tcc_monitoramento.dir/tarefas.c.obj
                0x1000142c                task_control_garra
 .text.task_control_braco
                0x10001548      0x590 src/CMakeFiles/projeto_tcc_monitoramento.dir/tarefas.c.obj
                0x10001548                task_control_braco
 .text.task_servo_manager
                0x10001ad8      0x260 src/CMakeFiles/projeto_tcc_monitoramento.dir/tarefas.c.obj
                0x10001ad8                task_servo_manager
 .text.task_fpga_receiver
                0x10001d38      0x138 src/CMakeFiles/projeto_tcc_monitoramento.dir/tarefas.c.obj
                0x10001d38                task_fpga_receiver
 .text.oled_init
                0x10001e70       0xb8 src/CMakeFiles/projeto_tcc_monitoramento.dir/oled_display.c.obj
                0x10001e70                oled_init
 .text.oled_clear
                0x10001f28       0x1c src/CMakeFiles/projeto_tcc_monitoramento.dir/oled_display.c.obj
                0x10001f28                oled_clear
 .text.oled_render
                0x10001f44       0xa0 src/CMakeFiles/projeto_tcc_monitoramento.dir/oled_display.c.obj
                0x10001f44                oled_render
 .text.ssd1306_draw_utf8_multiline
                0x10001fe4      0x4e0 src/CMakeFiles/projeto_tcc_monitoramento.dir/ssd1306_text.c.obj
                0x10001fe4                ssd1306_draw_utf8_multiline
 .text.vl53l0x_init
                0x100024c4      0x42c src/CMakeFiles/projeto_tcc_monitoramento.dir/vl53l0x.c.obj
                0x100024c4                vl53l0x_init
 .text.vl53l0x_start_continuous
                0x100028f0      0x108 src/CMakeFiles/projeto_tcc_monitoramento.dir/vl53l0x.c.obj
                0x100028f0                vl53l0x_start_continuous
 .text.vl53l0x_read_range_continuous_millimeters
                0x100029f8       0xb4 src/CMakeFiles/projeto_tcc_monitoramento.dir/vl53l0x.c.obj
                0x100029f8                vl53l0x_read_range_continuous_millimeters
 .text.angle_to_duty
                0x10002aac       0x60 src/CMakeFiles/projeto_tcc_monitoramento.dir/braco_config.c.obj
                0x10002aac                angle_to_duty
 .text.fpga_send_sequence_step
                0x10002b0c      0x190 src/CMakeFiles/projeto_tcc_monitoramento.dir/fpga_comms.c.obj
                0x10002b0c                fpga_send_sequence_step
 .text.exibir_digito_grande
                0x10002c9c       0x8c src/CMakeFiles/projeto_tcc_monitoramento.dir/digitos_grandes_utils.c.obj
                0x10002c9c                exibir_digito_grande
 .text.oled_exibir_4digitos
                0x10002d28       0x84 src/CMakeFiles/projeto_tcc_monitoramento.dir/numeros_display.c.obj
                0x10002d28                oled_exibir_4digitos
 .text.oled_exibir_caractere_grande
                0x10002dac       0x70 src/CMakeFiles/projeto_tcc_monitoramento.dir/numeros_display.c.obj
                0x10002dac                oled_exibir_caractere_grande
 .text.oled_centralizar_texto
                0x10002e1c       0x34 src/CMakeFiles/projeto_tcc_monitoramento.dir/numeros_display.c.obj
                0x10002e1c                oled_centralizar_texto
 .text.pvPortMalloc
                0x10002e50      0x124 src/CMakeFiles/projeto_tcc_monitoramento.dir/__/lib/FreeRTOS-Kernel/portable/MemMang/heap_4.c.obj
                0x10002e50                pvPortMalloc
 .text.vPortFree
                0x10002f74       0x98 src/CMakeFiles/projeto_tcc_monitoramento.dir/__/lib/FreeRTOS-Kernel/portable/MemMang/heap_4.c.obj
                0x10002f74                vPortFree
 .text.gpio_set_function
                0x1000300c       0x34 src/CMakeFiles/projeto_tcc_monitoramento.dir/C_/Users/Maker_X/.pico-sdk/sdk/2.1.1/src/rp2_common/hardware_gpio/gpio.c.obj
                0x1000300c                gpio_set_function
 .text.gpio_set_pulls
                0x10003040       0x28 src/CMakeFiles/projeto_tcc_monitoramento.dir/C_/Users/Maker_X/.pico-sdk/sdk/2.1.1/src/rp2_common/hardware_gpio/gpio.c.obj
                0x10003040                gpio_set_pulls
 .text.gpio_set_input_enabled
                0x10003068       0x28 src/CMakeFiles/projeto_tcc_monitoramento.dir/C_/Users/Maker_X/.pico-sdk/sdk/2.1.1/src/rp2_common/hardware_gpio/gpio.c.obj
                0x10003068                gpio_set_input_enabled
 .text.gpio_init
                0x10003090       0x40 src/CMakeFiles/projeto_tcc_monitoramento.dir/C_/Users/Maker_X/.pico-sdk/sdk/2.1.1/src/rp2_common/hardware_gpio/gpio.c.obj
                0x10003090                gpio_init
 .text.rp2040_chip_version
                0x100030d0        0xc src/CMakeFiles/projeto_tcc_monitoramento.dir/C_/Users/Maker_X/.pico-sdk/sdk/2.1.1/src/rp2040/pico_platform/platform.c.obj
                0x100030d0                rp2040_chip_version
 .text.panic    0x100030dc       0x30 src/CMakeFiles/projeto_tcc_monitoramento.dir/C_/Users/Maker_X/.pico-sdk/sdk/2.1.1/src/rp2_common/pico_platform_panic/panic.c.obj
                0x100030dc                panic
 .text.panic_unsupported
                0x1000310c        0xc src/CMakeFiles/projeto_tcc_monitoramento.dir/C_/Users/Maker_X/.pico-sdk/sdk/2.1.1/src/rp2_common/pico_platform_panic/panic.c.obj
                0x1000310c                panic_unsupported
 .text.hw_claim_or_assert
                0x10003118       0x44 src/CMakeFiles/projeto_tcc_monitoramento.dir/C_/Users/Maker_X/.pico-sdk/sdk/2.1.1/src/common/hardware_claim/claim.c.obj
                0x10003118                hw_claim_or_assert
 .text.hw_claim_unused_from_range
                0x1000315c       0x88 src/CMakeFiles/projeto_tcc_monitoramento.dir/C_/Users/Maker_X/.pico-sdk/sdk/2.1.1/src/common/hardware_claim/claim.c.obj
                0x1000315c                hw_claim_unused_from_range
 .text.next_striped_spin_lock_num
                0x100031e4       0x18 src/CMakeFiles/projeto_tcc_monitoramento.dir/C_/Users/Maker_X/.pico-sdk/sdk/2.1.1/src/rp2_common/hardware_sync/sync.c.obj
                0x100031e4                next_striped_spin_lock_num
 .text.spin_lock_claim
                0x100031fc       0x18 src/CMakeFiles/projeto_tcc_monitoramento.dir/C_/Users/Maker_X/.pico-sdk/sdk/2.1.1/src/rp2_common/hardware_sync/sync.c.obj
                0x100031fc                spin_lock_claim
 .text.spin_lock_claim_unused
                0x10003214       0x24 src/CMakeFiles/projeto_tcc_monitoramento.dir/C_/Users/Maker_X/.pico-sdk/sdk/2.1.1/src/rp2_common/hardware_sync/sync.c.obj
                0x10003214                spin_lock_claim_unused
 .text.spin_locks_reset
                0x10003238       0x1c src/CMakeFiles/projeto_tcc_monitoramento.dir/C_/Users/Maker_X/.pico-sdk/sdk/2.1.1/src/rp2_common/hardware_sync_spin_lock/sync_spin_lock.c.obj
                0x10003238                spin_locks_reset
 .text.runtime_init_per_core_irq_priorities
                0x10003254       0x24 src/CMakeFiles/projeto_tcc_monitoramento.dir/C_/Users/Maker_X/.pico-sdk/sdk/2.1.1/src/rp2_common/hardware_irq/irq.c.obj
                0x10003254                runtime_init_per_core_irq_priorities
 .text.irq_set_enabled
                0x10003278       0x24 src/CMakeFiles/projeto_tcc_monitoramento.dir/C_/Users/Maker_X/.pico-sdk/sdk/2.1.1/src/rp2_common/hardware_irq/irq.c.obj
                0x10003278                irq_set_enabled
 .text.irq_is_enabled
                0x1000329c       0x18 src/CMakeFiles/projeto_tcc_monitoramento.dir/C_/Users/Maker_X/.pico-sdk/sdk/2.1.1/src/rp2_common/hardware_irq/irq.c.obj
                0x1000329c                irq_is_enabled
 .text.irq_set_pending
                0x100032b4       0x10 src/CMakeFiles/projeto_tcc_monitoramento.dir/C_/Users/Maker_X/.pico-sdk/sdk/2.1.1/src/rp2_common/hardware_irq/irq.c.obj
                0x100032b4                irq_set_pending
 .text.irq_has_shared_handler
                0x100032c4       0x24 src/CMakeFiles/projeto_tcc_monitoramento.dir/C_/Users/Maker_X/.pico-sdk/sdk/2.1.1/src/rp2_common/hardware_irq/irq.c.obj
                0x100032c4                irq_has_shared_handler
 .text.irq_set_exclusive_handler
                0x100032e8       0x54 src/CMakeFiles/projeto_tcc_monitoramento.dir/C_/Users/Maker_X/.pico-sdk/sdk/2.1.1/src/rp2_common/hardware_irq/irq.c.obj
                0x100032e8                irq_set_exclusive_handler
 .text.irq_add_shared_handler
                0x1000333c      0x1f4 src/CMakeFiles/projeto_tcc_monitoramento.dir/C_/Users/Maker_X/.pico-sdk/sdk/2.1.1/src/rp2_common/hardware_irq/irq.c.obj
                0x1000333c                irq_add_shared_handler
 .text.irq_set_priority
                0x10003530       0x28 src/CMakeFiles/projeto_tcc_monitoramento.dir/C_/Users/Maker_X/.pico-sdk/sdk/2.1.1/src/rp2_common/hardware_irq/irq.c.obj
                0x10003530                irq_set_priority
 .text.irq_add_tail_to_free_list
                0x10003558       0xb4 src/CMakeFiles/projeto_tcc_monitoramento.dir/C_/Users/Maker_X/.pico-sdk/sdk/2.1.1/src/rp2_common/hardware_irq/irq.c.obj
                0x10003558                irq_add_tail_to_free_list
 .text.user_irq_claim_unused
                0x1000360c       0x2c src/CMakeFiles/projeto_tcc_monitoramento.dir/C_/Users/Maker_X/.pico-sdk/sdk/2.1.1/src/rp2_common/hardware_irq/irq.c.obj
                0x1000360c                user_irq_claim_unused
 .text.lock_init
                0x10003638       0x10 src/CMakeFiles/projeto_tcc_monitoramento.dir/C_/Users/Maker_X/.pico-sdk/sdk/2.1.1/src/common/pico_sync/lock_core.c.obj
                0x10003638                lock_init
 .text.runtime_init_mutex
                0x10003648       0x54 src/CMakeFiles/projeto_tcc_monitoramento.dir/C_/Users/Maker_X/.pico-sdk/sdk/2.1.1/src/common/pico_sync/mutex.c.obj
                0x10003648                runtime_init_mutex
 .text.mutex_init
                0x1000369c       0x1c src/CMakeFiles/projeto_tcc_monitoramento.dir/C_/Users/Maker_X/.pico-sdk/sdk/2.1.1/src/common/pico_sync/mutex.c.obj
                0x1000369c                mutex_init
 .text.critical_section_init
                0x100036b8       0x1c src/CMakeFiles/projeto_tcc_monitoramento.dir/C_/Users/Maker_X/.pico-sdk/sdk/2.1.1/src/common/pico_sync/critical_section.c.obj
                0x100036b8                critical_section_init
 .text.critical_section_init_with_lock_num
                0x100036d4       0x14 src/CMakeFiles/projeto_tcc_monitoramento.dir/C_/Users/Maker_X/.pico-sdk/sdk/2.1.1/src/common/pico_sync/critical_section.c.obj
                0x100036d4                critical_section_init_with_lock_num
 .text.alarm_pool_irq_handler
                0x100036e8      0x300 src/CMakeFiles/projeto_tcc_monitoramento.dir/C_/Users/Maker_X/.pico-sdk/sdk/2.1.1/src/common/pico_time/time.c.obj
 .text.sleep_until_callback
                0x100039e8       0x24 src/CMakeFiles/projeto_tcc_monitoramento.dir/C_/Users/Maker_X/.pico-sdk/sdk/2.1.1/src/common/pico_time/time.c.obj
 .text.runtime_init_default_alarm_pool
                0x10003a0c       0xdc src/CMakeFiles/projeto_tcc_monitoramento.dir/C_/Users/Maker_X/.pico-sdk/sdk/2.1.1/src/common/pico_time/time.c.obj
                0x10003a0c                runtime_init_default_alarm_pool
 .text.alarm_pool_get_default
                0x10003ae8        0x8 src/CMakeFiles/projeto_tcc_monitoramento.dir/C_/Users/Maker_X/.pico-sdk/sdk/2.1.1/src/common/pico_time/time.c.obj
                0x10003ae8                alarm_pool_get_default
 .text.alarm_pool_add_alarm_at
                0x10003af0       0xd0 src/CMakeFiles/projeto_tcc_monitoramento.dir/C_/Users/Maker_X/.pico-sdk/sdk/2.1.1/src/common/pico_time/time.c.obj
                0x10003af0                alarm_pool_add_alarm_at
 .text.alarm_pool_add_alarm_at_force_in_context
                0x10003bc0       0xb0 src/CMakeFiles/projeto_tcc_monitoramento.dir/C_/Users/Maker_X/.pico-sdk/sdk/2.1.1/src/common/pico_time/time.c.obj
                0x10003bc0                alarm_pool_add_alarm_at_force_in_context
 .text.alarm_pool_cancel_alarm
                0x10003c70       0x74 src/CMakeFiles/projeto_tcc_monitoramento.dir/C_/Users/Maker_X/.pico-sdk/sdk/2.1.1/src/common/pico_time/time.c.obj
                0x10003c70                alarm_pool_cancel_alarm
 .text.alarm_pool_core_num
                0x10003ce4        0x4 src/CMakeFiles/projeto_tcc_monitoramento.dir/C_/Users/Maker_X/.pico-sdk/sdk/2.1.1/src/common/pico_time/time.c.obj
                0x10003ce4                alarm_pool_core_num
 .text.sleep_ms
                0x10003ce8       0xf8 src/CMakeFiles/projeto_tcc_monitoramento.dir/C_/Users/Maker_X/.pico-sdk/sdk/2.1.1/src/common/pico_time/time.c.obj
                0x10003ce8                sleep_ms
 .text.best_effort_wfe_or_timeout
                0x10003de0      0x10c src/CMakeFiles/projeto_tcc_monitoramento.dir/C_/Users/Maker_X/.pico-sdk/sdk/2.1.1/src/common/pico_time/time.c.obj
                0x10003de0                best_effort_wfe_or_timeout
 .text.timer_hardware_alarm_claim
                0x10003eec       0x14 src/CMakeFiles/projeto_tcc_monitoramento.dir/C_/Users/Maker_X/.pico-sdk/sdk/2.1.1/src/rp2_common/hardware_timer/timer.c.obj
                0x10003eec                timer_hardware_alarm_claim
 .text.timer_time_us_64
                0x10003f00       0x10 src/CMakeFiles/projeto_tcc_monitoramento.dir/C_/Users/Maker_X/.pico-sdk/sdk/2.1.1/src/rp2_common/hardware_timer/timer.c.obj
                0x10003f00                timer_time_us_64
 .text.time_us_64
                0x10003f10       0x14 src/CMakeFiles/projeto_tcc_monitoramento.dir/C_/Users/Maker_X/.pico-sdk/sdk/2.1.1/src/rp2_common/hardware_timer/timer.c.obj
                0x10003f10                time_us_64
 .text.busy_wait_us
                0x10003f24       0x68 src/CMakeFiles/projeto_tcc_monitoramento.dir/C_/Users/Maker_X/.pico-sdk/sdk/2.1.1/src/rp2_common/hardware_timer/timer.c.obj
                0x10003f24                busy_wait_us
 .text.busy_wait_until
                0x10003f8c       0x20 src/CMakeFiles/projeto_tcc_monitoramento.dir/C_/Users/Maker_X/.pico-sdk/sdk/2.1.1/src/rp2_common/hardware_timer/timer.c.obj
                0x10003f8c                busy_wait_until
 .text.uart_init
                0x10003fac      0x120 src/CMakeFiles/projeto_tcc_monitoramento.dir/C_/Users/Maker_X/.pico-sdk/sdk/2.1.1/src/rp2_common/hardware_uart/uart.c.obj
                0x10003fac                uart_init
 .text.clock_configure_int_divider
                0x100040cc       0xf4 src/CMakeFiles/projeto_tcc_monitoramento.dir/C_/Users/Maker_X/.pico-sdk/sdk/2.1.1/src/rp2_common/hardware_clocks/clocks.c.obj
                0x100040cc                clock_configure_int_divider
 .text.clock_configure_undivided
                0x100041c0       0xe8 src/CMakeFiles/projeto_tcc_monitoramento.dir/C_/Users/Maker_X/.pico-sdk/sdk/2.1.1/src/rp2_common/hardware_clocks/clocks.c.obj
                0x100041c0                clock_configure_undivided
 .text.clock_get_hz
                0x100042a8        0xc src/CMakeFiles/projeto_tcc_monitoramento.dir/C_/Users/Maker_X/.pico-sdk/sdk/2.1.1/src/rp2_common/hardware_clocks/clocks.c.obj
                0x100042a8                clock_get_hz
 .text.pll_init
                0x100042b4       0xa4 src/CMakeFiles/projeto_tcc_monitoramento.dir/C_/Users/Maker_X/.pico-sdk/sdk/2.1.1/src/rp2_common/hardware_pll/pll.c.obj
                0x100042b4                pll_init
 .text.watchdog_reboot
                0x10004358       0x9c src/CMakeFiles/projeto_tcc_monitoramento.dir/C_/Users/Maker_X/.pico-sdk/sdk/2.1.1/src/rp2_common/hardware_watchdog/watchdog.c.obj
                0x10004358                watchdog_reboot
 .text.tick_start
                0x100043f4       0x10 src/CMakeFiles/projeto_tcc_monitoramento.dir/C_/Users/Maker_X/.pico-sdk/sdk/2.1.1/src/rp2_common/hardware_ticks/ticks.c.obj
                0x100043f4                tick_start
 .text.rom_func_lookup
                0x10004404       0x10 src/CMakeFiles/projeto_tcc_monitoramento.dir/C_/Users/Maker_X/.pico-sdk/sdk/2.1.1/src/rp2_common/pico_bootrom/bootrom.c.obj
                0x10004404                rom_func_lookup
 .text.rom_data_lookup
                0x10004414       0x10 src/CMakeFiles/projeto_tcc_monitoramento.dir/C_/Users/Maker_X/.pico-sdk/sdk/2.1.1/src/rp2_common/pico_bootrom/bootrom.c.obj
                0x10004414                rom_data_lookup
 .text.rom_funcs_lookup
                0x10004424       0x44 src/CMakeFiles/projeto_tcc_monitoramento.dir/C_/Users/Maker_X/.pico-sdk/sdk/2.1.1/src/rp2_common/pico_bootrom/bootrom.c.obj
                0x10004424                rom_funcs_lookup
 .text.rom_reset_usb_boot_extra
                0x10004468       0x24 src/CMakeFiles/projeto_tcc_monitoramento.dir/C_/Users/Maker_X/.pico-sdk/sdk/2.1.1/src/rp2_common/pico_bootrom/bootrom.c.obj
                0x10004468                rom_reset_usb_boot_extra
 .text.xosc_init
                0x1000448c       0x28 src/CMakeFiles/projeto_tcc_monitoramento.dir/C_/Users/Maker_X/.pico-sdk/sdk/2.1.1/src/rp2_common/hardware_xosc/xosc.c.obj
                0x1000448c                xosc_init
 .text.first_per_core_initializer
                0x100044b4        0x4 src/CMakeFiles/projeto_tcc_monitoramento.dir/C_/Users/Maker_X/.pico-sdk/sdk/2.1.1/src/rp2_common/pico_runtime/runtime.c.obj
 .text.hard_assertion_failure
                0x100044b8        0xc src/CMakeFiles/projeto_tcc_monitoramento.dir/C_/Users/Maker_X/.pico-sdk/sdk/2.1.1/src/rp2_common/pico_runtime/runtime.c.obj
                0x100044b8                hard_assertion_failure
 .text.runtime_run_initializers
                0x100044c4       0x28 src/CMakeFiles/projeto_tcc_monitoramento.dir/C_/Users/Maker_X/.pico-sdk/sdk/2.1.1/src/rp2_common/pico_runtime/runtime.c.obj
                0x100044c4                runtime_run_initializers
 .text.runtime_run_per_core_initializers
                0x100044ec       0x28 src/CMakeFiles/projeto_tcc_monitoramento.dir/C_/Users/Maker_X/.pico-sdk/sdk/2.1.1/src/rp2_common/pico_runtime/runtime.c.obj
                0x100044ec                runtime_run_per_core_initializers
 .text.runtime_init_early_resets
                0x10004514       0x2c src/CMakeFiles/projeto_tcc_monitoramento.dir/C_/Users/Maker_X/.pico-sdk/sdk/2.1.1/src/rp2_common/pico_runtime_init/runtime_init.c.obj
                0x10004514                runtime_init_early_resets
 .text.runtime_init_usb_power_down
                0x10004540       0x1c src/CMakeFiles/projeto_tcc_monitoramento.dir/C_/Users/Maker_X/.pico-sdk/sdk/2.1.1/src/rp2_common/pico_runtime_init/runtime_init.c.obj
                0x10004540                runtime_init_usb_power_down
 .text.runtime_init_post_clock_resets
                0x1000455c       0x20 src/CMakeFiles/projeto_tcc_monitoramento.dir/C_/Users/Maker_X/.pico-sdk/sdk/2.1.1/src/rp2_common/pico_runtime_init/runtime_init.c.obj
                0x1000455c                runtime_init_post_clock_resets
 .text.runtime_init_rp2040_gpio_ie_disable
                0x1000457c       0x14 src/CMakeFiles/projeto_tcc_monitoramento.dir/C_/Users/Maker_X/.pico-sdk/sdk/2.1.1/src/rp2_common/pico_runtime_init/runtime_init.c.obj
                0x1000457c                runtime_init_rp2040_gpio_ie_disable
 .text.runtime_init_spin_locks_reset
                0x10004590        0x8 src/CMakeFiles/projeto_tcc_monitoramento.dir/C_/Users/Maker_X/.pico-sdk/sdk/2.1.1/src/rp2_common/pico_runtime_init/runtime_init.c.obj
                0x10004590                runtime_init_spin_locks_reset
 .text.runtime_init_install_ram_vector_table
                0x10004598       0x1c src/CMakeFiles/projeto_tcc_monitoramento.dir/C_/Users/Maker_X/.pico-sdk/sdk/2.1.1/src/rp2_common/pico_runtime_init/runtime_init.c.obj
                0x10004598                runtime_init_install_ram_vector_table
 .text.runtime_init_clocks
                0x100045b4       0xd8 src/CMakeFiles/projeto_tcc_monitoramento.dir/C_/Users/Maker_X/.pico-sdk/sdk/2.1.1/src/rp2_common/pico_runtime_init/runtime_init_clocks.c.obj
                0x100045b4                runtime_init_clocks
 .text          0x1000468c       0x10 src/CMakeFiles/projeto_tcc_monitoramento.dir/C_/Users/Maker_X/.pico-sdk/sdk/2.1.1/src/rp2_common/pico_bit_ops/bit_ops_aeabi.S.obj
 .text.__wrap___aeabi_idiv
                0x1000469c       0x50 src/CMakeFiles/projeto_tcc_monitoramento.dir/C_/Users/Maker_X/.pico-sdk/sdk/2.1.1/src/rp2_common/pico_divider/divider_hardware.S.obj
                0x1000469c                __wrap___aeabi_idivmod
                0x1000469c                divmod_s32s32
                0x1000469c                div_s32s32
                0x1000469c                __wrap___aeabi_idiv
                0x100046a4                divmod_s32s32_unsafe
                0x100046d0                divmod_s32s32_savestate
 .text.__wrap___aeabi_uidiv
                0x100046ec       0x4c src/CMakeFiles/projeto_tcc_monitoramento.dir/C_/Users/Maker_X/.pico-sdk/sdk/2.1.1/src/rp2_common/pico_divider/divider_hardware.S.obj
                0x100046ec                __wrap___aeabi_uidiv
                0x100046ec                __wrap___aeabi_uidivmod
                0x100046ec                div_u32u32
                0x100046ec                divmod_u32u32
                0x100046f4                divmod_u32u32_unsafe
                0x1000471c                divmod_u32u32_savestate
 .text.__wrap___aeabi_ldiv
                0x10004738      0x424 src/CMakeFiles/projeto_tcc_monitoramento.dir/C_/Users/Maker_X/.pico-sdk/sdk/2.1.1/src/rp2_common/pico_divider/divider_hardware.S.obj
                0x10004738                div_s64s64
                0x10004738                divmod_s64s64
                0x10004738                __wrap___aeabi_ldivmod
                0x10004768                divmod_u64u64
                0x10004768                div_u64u64
                0x10004768                __wrap___aeabi_uldivmod
                0x10004778                divmod_u64u64_savestate
                0x10004798                divmod_s64s64_unsafe
                0x10004820                divmod_u64u64_unsafe
 .text.__wrap___aeabi_darithmetic
                0x10004b5c       0x60 src/CMakeFiles/projeto_tcc_monitoramento.dir/C_/Users/Maker_X/.pico-sdk/sdk/2.1.1/src/rp2_common/pico_double/double_aeabi_rp2040.S.obj
                0x10004b5c                __wrap___aeabi_drsub
                0x10004b62                __wrap___aeabi_dsub
                0x10004b6c                __wrap___aeabi_dadd
                0x10004b76                __wrap___aeabi_ddiv
                0x10004baa                __wrap___aeabi_dmul
 .text.__wrap___aeabi_cdcmple
                0x10004bbc       0x6c src/CMakeFiles/projeto_tcc_monitoramento.dir/C_/Users/Maker_X/.pico-sdk/sdk/2.1.1/src/rp2_common/pico_double/double_aeabi_rp2040.S.obj
                0x10004bbc                __wrap___aeabi_cdrcmple
                0x10004bcc                __wrap___aeabi_cdcmpeq
                0x10004bcc                __wrap___aeabi_cdcmple
 .text.__wrap___aeabi_dcmplt
                0x10004c28        0xc src/CMakeFiles/projeto_tcc_monitoramento.dir/C_/Users/Maker_X/.pico-sdk/sdk/2.1.1/src/rp2_common/pico_double/double_aeabi_rp2040.S.obj
                0x10004c28                __wrap___aeabi_dcmplt
 .text.__wrap___aeabi_dcmple
                0x10004c34       0x10 src/CMakeFiles/projeto_tcc_monitoramento.dir/C_/Users/Maker_X/.pico-sdk/sdk/2.1.1/src/rp2_common/pico_double/double_aeabi_rp2040.S.obj
                0x10004c34                __wrap___aeabi_dcmple
 .text.__wrap___aeabi_dcmpge
                0x10004c44       0x10 src/CMakeFiles/projeto_tcc_monitoramento.dir/C_/Users/Maker_X/.pico-sdk/sdk/2.1.1/src/rp2_common/pico_double/double_aeabi_rp2040.S.obj
                0x10004c44                __wrap___aeabi_dcmpge
 .text.__wrap___aeabi_dcmpgt
                0x10004c54        0xa src/CMakeFiles/projeto_tcc_monitoramento.dir/C_/Users/Maker_X/.pico-sdk/sdk/2.1.1/src/rp2_common/pico_double/double_aeabi_rp2040.S.obj
                0x10004c54                __wrap___aeabi_dcmpgt
 .text.__wrap___aeabi_dcmpun
                0x10004c5e       0x18 src/CMakeFiles/projeto_tcc_monitoramento.dir/C_/Users/Maker_X/.pico-sdk/sdk/2.1.1/src/rp2_common/pico_double/double_aeabi_rp2040.S.obj
                0x10004c5e                __wrap___aeabi_dcmpun
 *fill*         0x10004c76        0x2 
 .text.__wrap___aeabi_i2d
                0x10004c78       0x38 src/CMakeFiles/projeto_tcc_monitoramento.dir/C_/Users/Maker_X/.pico-sdk/sdk/2.1.1/src/rp2_common/pico_double/double_aeabi_rp2040.S.obj
                0x10004c78                uint2double
                0x10004c78                __wrap___aeabi_ui2d
                0x10004c80                int2double
                0x10004c80                __wrap___aeabi_i2d
 .text.__wrap___aeabi_d2iz
                0x10004cb0       0x48 src/CMakeFiles/projeto_tcc_monitoramento.dir/C_/Users/Maker_X/.pico-sdk/sdk/2.1.1/src/rp2_common/pico_double/double_aeabi_rp2040.S.obj
                0x10004cb0                double2int_z
                0x10004cb0                __wrap___aeabi_d2iz
 .text.__wrap___aeabi_d2uiz
                0x10004cf8       0x10 src/CMakeFiles/projeto_tcc_monitoramento.dir/C_/Users/Maker_X/.pico-sdk/sdk/2.1.1/src/rp2_common/pico_double/double_aeabi_rp2040.S.obj
                0x10004cf8                double2uint
                0x10004cf8                __wrap___aeabi_d2uiz
                0x10004cf8                double2uint_z
 .text.missing_double_func_shim
                0x10004d08        0xc src/CMakeFiles/projeto_tcc_monitoramento.dir/C_/Users/Maker_X/.pico-sdk/sdk/2.1.1/src/rp2_common/pico_double/double_init_rom_rp2040.c.obj
 .text.__aeabi_double_init
                0x10004d14       0xa0 src/CMakeFiles/projeto_tcc_monitoramento.dir/C_/Users/Maker_X/.pico-sdk/sdk/2.1.1/src/rp2_common/pico_double/double_init_rom_rp2040.c.obj
                0x10004d14                __aeabi_double_init
 .text.double_table_shim_on_use_helper
                0x10004db4       0x2c src/CMakeFiles/projeto_tcc_monitoramento.dir/C_/Users/Maker_X/.pico-sdk/sdk/2.1.1/src/rp2_common/pico_double/double_v1_rom_shim_rp2040.S.obj
                0x10004db4                double_table_shim_on_use_helper
 .text.__aeabi_lmul
                0x10004de0       0x32 src/CMakeFiles/projeto_tcc_monitoramento.dir/C_/Users/Maker_X/.pico-sdk/sdk/2.1.1/src/rp2_common/pico_int64_ops/pico_int64_ops_aeabi.S.obj
                0x10004de0                __wrap___aeabi_lmul
 *fill*         0x10004e12        0x2 
 .text.__wrap___aeabi_farithmetic
                0x10004e14       0x48 src/CMakeFiles/projeto_tcc_monitoramento.dir/C_/Users/Maker_X/.pico-sdk/sdk/2.1.1/src/rp2_common/pico_float/float_aeabi_rp2040.S.obj
                0x10004e14                __wrap___aeabi_frsub
                0x10004e1a                __wrap___aeabi_fsub
                0x10004e20                __wrap___aeabi_fadd
                0x10004e26                __wrap___aeabi_fdiv
                0x10004e4e                __wrap___aeabi_fmul
 .text.__wrap___aeabi_cfcmple
                0x10004e5c       0x50 src/CMakeFiles/projeto_tcc_monitoramento.dir/C_/Users/Maker_X/.pico-sdk/sdk/2.1.1/src/rp2_common/pico_float/float_aeabi_rp2040.S.obj
                0x10004e5c                __wrap___aeabi_cfrcmple
                0x10004e68                __wrap___aeabi_cfcmple
                0x10004e68                __wrap___aeabi_cfcmpeq
 .text.__wrap___aeabi_fcmpeq
                0x10004eac       0x10 src/CMakeFiles/projeto_tcc_monitoramento.dir/C_/Users/Maker_X/.pico-sdk/sdk/2.1.1/src/rp2_common/pico_float/float_aeabi_rp2040.S.obj
                0x10004eac                __wrap___aeabi_fcmpeq
 .text.__wrap___aeabi_fcmplt
                0x10004ebc        0xc src/CMakeFiles/projeto_tcc_monitoramento.dir/C_/Users/Maker_X/.pico-sdk/sdk/2.1.1/src/rp2_common/pico_float/float_aeabi_rp2040.S.obj
                0x10004ebc                __wrap___aeabi_fcmplt
 .text.__wrap___aeabi_fcmpgt
                0x10004ec8        0xa src/CMakeFiles/projeto_tcc_monitoramento.dir/C_/Users/Maker_X/.pico-sdk/sdk/2.1.1/src/rp2_common/pico_float/float_aeabi_rp2040.S.obj
                0x10004ec8                __wrap___aeabi_fcmpgt
 .text.__wrap___aeabi_ui2f
                0x10004ed2        0xa src/CMakeFiles/projeto_tcc_monitoramento.dir/C_/Users/Maker_X/.pico-sdk/sdk/2.1.1/src/rp2_common/pico_float/float_aeabi_rp2040.S.obj
                0x10004ed2                __wrap___aeabi_ui2f
                0x10004ed2                uint2float
 .text.__wrap___aeabi_i2f
                0x10004edc       0x44 src/CMakeFiles/projeto_tcc_monitoramento.dir/C_/Users/Maker_X/.pico-sdk/sdk/2.1.1/src/rp2_common/pico_float/float_aeabi_rp2040.S.obj
                0x10004edc                __wrap___aeabi_i2f
                0x10004edc                int2float
 .text.__wrap___aeabi_f2uiz
                0x10004f20        0xc src/CMakeFiles/projeto_tcc_monitoramento.dir/C_/Users/Maker_X/.pico-sdk/sdk/2.1.1/src/rp2_common/pico_float/float_aeabi_rp2040.S.obj
                0x10004f20                float2uint_z
                0x10004f20                __wrap___aeabi_f2uiz
                0x10004f20                float2uint
 .text.__wrap___aeabi_f2d
                0x10004f2c        0xc src/CMakeFiles/projeto_tcc_monitoramento.dir/C_/Users/Maker_X/.pico-sdk/sdk/2.1.1/src/rp2_common/pico_float/float_aeabi_rp2040.S.obj
                0x10004f2c                __wrap___aeabi_f2d
 .text.missing_float_func_shim
                0x10004f38        0xc src/CMakeFiles/projeto_tcc_monitoramento.dir/C_/Users/Maker_X/.pico-sdk/sdk/2.1.1/src/rp2_common/pico_float/float_init_rom_rp2040.c.obj
 .text.__aeabi_float_init
                0x10004f44       0x5c src/CMakeFiles/projeto_tcc_monitoramento.dir/C_/Users/Maker_X/.pico-sdk/sdk/2.1.1/src/rp2_common/pico_float/float_init_rom_rp2040.c.obj
                0x10004f44                __aeabi_float_init
 .text.__wrap_calloc
                0x10004fa0       0x44 src/CMakeFiles/projeto_tcc_monitoramento.dir/C_/Users/Maker_X/.pico-sdk/sdk/2.1.1/src/rp2_common/pico_malloc/malloc.c.obj
                0x10004fa0                __wrap_calloc
 .text          0x10004fe4       0x10 src/CMakeFiles/projeto_tcc_monitoramento.dir/C_/Users/Maker_X/.pico-sdk/sdk/2.1.1/src/rp2_common/pico_mem_ops/mem_ops_aeabi.S.obj
                0x10004fe4                __aeabi_mem_init
 .text.memset   0x10004ff4        0xc src/CMakeFiles/projeto_tcc_monitoramento.dir/C_/Users/Maker_X/.pico-sdk/sdk/2.1.1/src/rp2_common/pico_mem_ops/mem_ops_aeabi.S.obj
                0x10004ff4                __wrap_memset
 .text.memcpy   0x10005000        0xc src/CMakeFiles/projeto_tcc_monitoramento.dir/C_/Users/Maker_X/.pico-sdk/sdk/2.1.1/src/rp2_common/pico_mem_ops/mem_ops_aeabi.S.obj
                0x10005000                __wrap_memcpy
                0x10005000                __wrap___aeabi_memcpy
 .text._out_null
                0x1000500c        0x4 src/CMakeFiles/projeto_tcc_monitoramento.dir/C_/Users/Maker_X/.pico-sdk/sdk/2.1.1/src/rp2_common/pico_printf/printf.c.obj
 .text._out_rev
                0x10005010       0xac src/CMakeFiles/projeto_tcc_monitoramento.dir/C_/Users/Maker_X/.pico-sdk/sdk/2.1.1/src/rp2_common/pico_printf/printf.c.obj
 .text._ntoa_format
                0x100050bc      0x1cc src/CMakeFiles/projeto_tcc_monitoramento.dir/C_/Users/Maker_X/.pico-sdk/sdk/2.1.1/src/rp2_common/pico_printf/printf.c.obj
 .text._out_char
                0x10005288       0x10 src/CMakeFiles/projeto_tcc_monitoramento.dir/C_/Users/Maker_X/.pico-sdk/sdk/2.1.1/src/rp2_common/pico_printf/printf.c.obj
 .text._out_fct
                0x10005298       0x10 src/CMakeFiles/projeto_tcc_monitoramento.dir/C_/Users/Maker_X/.pico-sdk/sdk/2.1.1/src/rp2_common/pico_printf/printf.c.obj
 .text._ftoa    0x100052a8      0x4a8 src/CMakeFiles/projeto_tcc_monitoramento.dir/C_/Users/Maker_X/.pico-sdk/sdk/2.1.1/src/rp2_common/pico_printf/printf.c.obj
 .text._etoa    0x10005750      0x57c src/CMakeFiles/projeto_tcc_monitoramento.dir/C_/Users/Maker_X/.pico-sdk/sdk/2.1.1/src/rp2_common/pico_printf/printf.c.obj
 .text._vsnprintf
                0x10005ccc      0xbe0 src/CMakeFiles/projeto_tcc_monitoramento.dir/C_/Users/Maker_X/.pico-sdk/sdk/2.1.1/src/rp2_common/pico_printf/printf.c.obj
 .text.vfctprintf
                0x100068ac       0x24 src/CMakeFiles/projeto_tcc_monitoramento.dir/C_/Users/Maker_X/.pico-sdk/sdk/2.1.1/src/rp2_common/pico_printf/printf.c.obj
                0x100068ac                vfctprintf
 .text.weak_raw_vprintf
                0x100068d0       0x30 src/CMakeFiles/projeto_tcc_monitoramento.dir/C_/Users/Maker_X/.pico-sdk/sdk/2.1.1/src/rp2_common/pico_printf/printf.c.obj
                0x100068d0                weak_raw_vprintf
 .text._exit    0x10006900        0x4 src/CMakeFiles/projeto_tcc_monitoramento.dir/C_/Users/Maker_X/.pico-sdk/sdk/2.1.1/src/rp2_common/pico_clib_interface/newlib_interface.c.obj
                0x10006900                _exit
 .text._sbrk    0x10006904       0x34 src/CMakeFiles/projeto_tcc_monitoramento.dir/C_/Users/Maker_X/.pico-sdk/sdk/2.1.1/src/rp2_common/pico_clib_interface/newlib_interface.c.obj
                0x10006904                _sbrk
 .text.exit     0x10006938        0x8 src/CMakeFiles/projeto_tcc_monitoramento.dir/C_/Users/Maker_X/.pico-sdk/sdk/2.1.1/src/rp2_common/pico_clib_interface/newlib_interface.c.obj
                0x10006938                exit
 .text.runtime_init
                0x10006940       0x2c src/CMakeFiles/projeto_tcc_monitoramento.dir/C_/Users/Maker_X/.pico-sdk/sdk/2.1.1/src/rp2_common/pico_clib_interface/newlib_interface.c.obj
                0x10006940                runtime_init
 .text.stdio_out_chars_no_crlf
                0x1000696c       0x10 src/CMakeFiles/projeto_tcc_monitoramento.dir/C_/Users/Maker_X/.pico-sdk/sdk/2.1.1/src/rp2_common/pico_stdio/stdio.c.obj
 .text.stdio_out_chars_crlf
                0x1000697c       0xb0 src/CMakeFiles/projeto_tcc_monitoramento.dir/C_/Users/Maker_X/.pico-sdk/sdk/2.1.1/src/rp2_common/pico_stdio/stdio.c.obj
 .text.stdio_buffered_printer
                0x10006a2c       0x64 src/CMakeFiles/projeto_tcc_monitoramento.dir/C_/Users/Maker_X/.pico-sdk/sdk/2.1.1/src/rp2_common/pico_stdio/stdio.c.obj
 .text.stdio_put_string
                0x10006a90       0xfc src/CMakeFiles/projeto_tcc_monitoramento.dir/C_/Users/Maker_X/.pico-sdk/sdk/2.1.1/src/rp2_common/pico_stdio/stdio.c.obj
                0x10006a90                stdio_put_string
 .text.stdio_set_driver_enabled
                0x10006b8c       0x30 src/CMakeFiles/projeto_tcc_monitoramento.dir/C_/Users/Maker_X/.pico-sdk/sdk/2.1.1/src/rp2_common/pico_stdio/stdio.c.obj
                0x10006b8c                stdio_set_driver_enabled
 .text.stdio_init_all
                0x10006bbc        0x8 src/CMakeFiles/projeto_tcc_monitoramento.dir/C_/Users/Maker_X/.pico-sdk/sdk/2.1.1/src/rp2_common/pico_stdio/stdio.c.obj
                0x10006bbc                stdio_init_all
 .text.__wrap_putchar
                0x10006bc4       0x94 src/CMakeFiles/projeto_tcc_monitoramento.dir/C_/Users/Maker_X/.pico-sdk/sdk/2.1.1/src/rp2_common/pico_stdio/stdio.c.obj
                0x10006bc4                __wrap_putchar
                0x10006bc4                stdio_putchar
 .text.__wrap_puts
                0x10006c58       0x3c src/CMakeFiles/projeto_tcc_monitoramento.dir/C_/Users/Maker_X/.pico-sdk/sdk/2.1.1/src/rp2_common/pico_stdio/stdio.c.obj
                0x10006c58                stdio_puts
                0x10006c58                __wrap_puts
 .text.__wrap_vprintf
                0x10006c94       0xcc src/CMakeFiles/projeto_tcc_monitoramento.dir/C_/Users/Maker_X/.pico-sdk/sdk/2.1.1/src/rp2_common/pico_stdio/stdio.c.obj
                0x10006c94                stdio_vprintf
                0x10006c94                __wrap_vprintf
 .text.__wrap_printf
                0x10006d60       0x18 src/CMakeFiles/projeto_tcc_monitoramento.dir/C_/Users/Maker_X/.pico-sdk/sdk/2.1.1/src/rp2_common/pico_stdio/stdio.c.obj
                0x10006d60                __wrap_printf
                0x10006d60                stdio_printf
 .text.resetd_init
                0x10006d78        0x4 src/CMakeFiles/projeto_tcc_monitoramento.dir/C_/Users/Maker_X/.pico-sdk/sdk/2.1.1/src/rp2_common/pico_stdio_usb/reset_interface.c.obj
 .text.resetd_reset
                0x10006d7c        0xc src/CMakeFiles/projeto_tcc_monitoramento.dir/C_/Users/Maker_X/.pico-sdk/sdk/2.1.1/src/rp2_common/pico_stdio_usb/reset_interface.c.obj
 .text.resetd_open
                0x10006d88       0x28 src/CMakeFiles/projeto_tcc_monitoramento.dir/C_/Users/Maker_X/.pico-sdk/sdk/2.1.1/src/rp2_common/pico_stdio_usb/reset_interface.c.obj
 .text.resetd_xfer_cb
                0x10006db0        0x4 src/CMakeFiles/projeto_tcc_monitoramento.dir/C_/Users/Maker_X/.pico-sdk/sdk/2.1.1/src/rp2_common/pico_stdio_usb/reset_interface.c.obj
 .text.resetd_control_xfer_cb
                0x10006db4       0x54 src/CMakeFiles/projeto_tcc_monitoramento.dir/C_/Users/Maker_X/.pico-sdk/sdk/2.1.1/src/rp2_common/pico_stdio_usb/reset_interface.c.obj
 .text.tud_descriptor_bos_cb
                0x10006e08        0x8 src/CMakeFiles/projeto_tcc_monitoramento.dir/C_/Users/Maker_X/.pico-sdk/sdk/2.1.1/src/rp2_common/pico_stdio_usb/reset_interface.c.obj
                0x10006e08                tud_descriptor_bos_cb
 .text.tud_vendor_control_xfer_cb
                0x10006e10       0x34 src/CMakeFiles/projeto_tcc_monitoramento.dir/C_/Users/Maker_X/.pico-sdk/sdk/2.1.1/src/rp2_common/pico_stdio_usb/reset_interface.c.obj
                0x10006e10                tud_vendor_control_xfer_cb
 .text.usbd_app_driver_get_cb
                0x10006e44        0xc src/CMakeFiles/projeto_tcc_monitoramento.dir/C_/Users/Maker_X/.pico-sdk/sdk/2.1.1/src/rp2_common/pico_stdio_usb/reset_interface.c.obj
                0x10006e44                usbd_app_driver_get_cb
 .text.tud_cdc_line_coding_cb
                0x10006e50       0x2c src/CMakeFiles/projeto_tcc_monitoramento.dir/C_/Users/Maker_X/.pico-sdk/sdk/2.1.1/src/rp2_common/pico_stdio_usb/reset_interface.c.obj
                0x10006e50                tud_cdc_line_coding_cb
 .text.stdio_usb_set_chars_available_callback
                0x10006e7c       0x14 src/CMakeFiles/projeto_tcc_monitoramento.dir/C_/Users/Maker_X/.pico-sdk/sdk/2.1.1/src/rp2_common/pico_stdio_usb/stdio_usb.c.obj
                0x10006e7c                stdio_usb_set_chars_available_callback
 .text.usb_irq  0x10006e90       0x10 src/CMakeFiles/projeto_tcc_monitoramento.dir/C_/Users/Maker_X/.pico-sdk/sdk/2.1.1/src/rp2_common/pico_stdio_usb/stdio_usb.c.obj
 .text.timer_task
                0x10006ea0       0x64 src/CMakeFiles/projeto_tcc_monitoramento.dir/C_/Users/Maker_X/.pico-sdk/sdk/2.1.1/src/rp2_common/pico_stdio_usb/stdio_usb.c.obj
 .text.stdio_usb_in_chars
                0x10006f04       0x8c src/CMakeFiles/projeto_tcc_monitoramento.dir/C_/Users/Maker_X/.pico-sdk/sdk/2.1.1/src/rp2_common/pico_stdio_usb/stdio_usb.c.obj
                0x10006f04                stdio_usb_in_chars
 .text.stdio_usb_out_flush
                0x10006f90       0x4c src/CMakeFiles/projeto_tcc_monitoramento.dir/C_/Users/Maker_X/.pico-sdk/sdk/2.1.1/src/rp2_common/pico_stdio_usb/stdio_usb.c.obj
 .text.stdio_usb_out_chars
                0x10006fdc      0x100 src/CMakeFiles/projeto_tcc_monitoramento.dir/C_/Users/Maker_X/.pico-sdk/sdk/2.1.1/src/rp2_common/pico_stdio_usb/stdio_usb.c.obj
 .text.low_priority_worker_irq
                0x100070dc       0xc8 src/CMakeFiles/projeto_tcc_monitoramento.dir/C_/Users/Maker_X/.pico-sdk/sdk/2.1.1/src/rp2_common/pico_stdio_usb/stdio_usb.c.obj
 .text.stdio_usb_init
                0x100071a4       0xe8 src/CMakeFiles/projeto_tcc_monitoramento.dir/C_/Users/Maker_X/.pico-sdk/sdk/2.1.1/src/rp2_common/pico_stdio_usb/stdio_usb.c.obj
                0x100071a4                stdio_usb_init
 .text.tud_descriptor_device_cb
                0x1000728c        0x8 src/CMakeFiles/projeto_tcc_monitoramento.dir/C_/Users/Maker_X/.pico-sdk/sdk/2.1.1/src/rp2_common/pico_stdio_usb/stdio_usb_descriptors.c.obj
                0x1000728c                tud_descriptor_device_cb
 .text.tud_descriptor_configuration_cb
                0x10007294        0x8 src/CMakeFiles/projeto_tcc_monitoramento.dir/C_/Users/Maker_X/.pico-sdk/sdk/2.1.1/src/rp2_common/pico_stdio_usb/stdio_usb_descriptors.c.obj
                0x10007294                tud_descriptor_configuration_cb
 .text.tud_descriptor_string_cb
                0x1000729c       0x78 src/CMakeFiles/projeto_tcc_monitoramento.dir/C_/Users/Maker_X/.pico-sdk/sdk/2.1.1/src/rp2_common/pico_stdio_usb/stdio_usb_descriptors.c.obj
                0x1000729c                tud_descriptor_string_cb
 .text.startup._retrieve_unique_id_on_boot
                0x10007314       0x10 src/CMakeFiles/projeto_tcc_monitoramento.dir/C_/Users/Maker_X/.pico-sdk/sdk/2.1.1/src/rp2_common/pico_unique_id/unique_id.c.obj
 .text.pico_get_unique_board_id_string
                0x10007324      0x1a8 src/CMakeFiles/projeto_tcc_monitoramento.dir/C_/Users/Maker_X/.pico-sdk/sdk/2.1.1/src/rp2_common/pico_unique_id/unique_id.c.obj
                0x10007324                pico_get_unique_board_id_string
 .text.flash_get_unique_id
                0x100074cc       0x3c src/CMakeFiles/projeto_tcc_monitoramento.dir/C_/Users/Maker_X/.pico-sdk/sdk/2.1.1/src/rp2_common/hardware_flash/flash.c.obj
                0x100074cc                flash_get_unique_id
 .text.dcd_init
                0x10007508       0x90 src/CMakeFiles/projeto_tcc_monitoramento.dir/C_/Users/Maker_X/.pico-sdk/sdk/2.1.1/lib/tinyusb/src/portable/raspberrypi/rp2040/dcd_rp2040.c.obj
                0x10007508                dcd_init
 .text.dcd_int_enable
                0x10007598        0xc src/CMakeFiles/projeto_tcc_monitoramento.dir/C_/Users/Maker_X/.pico-sdk/sdk/2.1.1/lib/tinyusb/src/portable/raspberrypi/rp2040/dcd_rp2040.c.obj
                0x10007598                dcd_int_enable
 .text.dcd_set_address
                0x100075a4       0x14 src/CMakeFiles/projeto_tcc_monitoramento.dir/C_/Users/Maker_X/.pico-sdk/sdk/2.1.1/lib/tinyusb/src/portable/raspberrypi/rp2040/dcd_rp2040.c.obj
                0x100075a4                dcd_set_address
 .text.dcd_sof_enable
                0x100075b8       0x1c src/CMakeFiles/projeto_tcc_monitoramento.dir/C_/Users/Maker_X/.pico-sdk/sdk/2.1.1/lib/tinyusb/src/portable/raspberrypi/rp2040/dcd_rp2040.c.obj
                0x100075b8                dcd_sof_enable
 .text.dcd_edpt0_status_complete
                0x100075d4       0x1c src/CMakeFiles/projeto_tcc_monitoramento.dir/C_/Users/Maker_X/.pico-sdk/sdk/2.1.1/lib/tinyusb/src/portable/raspberrypi/rp2040/dcd_rp2040.c.obj
                0x100075d4                dcd_edpt0_status_complete
 .text.dcd_edpt_open
                0x100075f0      0x114 src/CMakeFiles/projeto_tcc_monitoramento.dir/C_/Users/Maker_X/.pico-sdk/sdk/2.1.1/lib/tinyusb/src/portable/raspberrypi/rp2040/dcd_rp2040.c.obj
                0x100075f0                dcd_edpt_open
 .text.dcd_edpt_close_all
                0x10007704        0x8 src/CMakeFiles/projeto_tcc_monitoramento.dir/C_/Users/Maker_X/.pico-sdk/sdk/2.1.1/lib/tinyusb/src/portable/raspberrypi/rp2040/dcd_rp2040.c.obj
                0x10007704                dcd_edpt_close_all
 .text.dcd_edpt_xfer
                0x1000770c       0x24 src/CMakeFiles/projeto_tcc_monitoramento.dir/C_/Users/Maker_X/.pico-sdk/sdk/2.1.1/lib/tinyusb/src/portable/raspberrypi/rp2040/dcd_rp2040.c.obj
                0x1000770c                dcd_edpt_xfer
 .text.dcd_edpt_stall
                0x10007730       0x3c src/CMakeFiles/projeto_tcc_monitoramento.dir/C_/Users/Maker_X/.pico-sdk/sdk/2.1.1/lib/tinyusb/src/portable/raspberrypi/rp2040/dcd_rp2040.c.obj
                0x10007730                dcd_edpt_stall
 .text.dcd_edpt_clear_stall
                0x1000776c       0x30 src/CMakeFiles/projeto_tcc_monitoramento.dir/C_/Users/Maker_X/.pico-sdk/sdk/2.1.1/lib/tinyusb/src/portable/raspberrypi/rp2040/dcd_rp2040.c.obj
                0x1000776c                dcd_edpt_clear_stall
 .text.rp2040_usb_init
                0x1000779c       0x40 src/CMakeFiles/projeto_tcc_monitoramento.dir/C_/Users/Maker_X/.pico-sdk/sdk/2.1.1/lib/tinyusb/src/portable/raspberrypi/rp2040/rp2040_usb.c.obj
                0x1000779c                rp2040_usb_init
 .text.hw_endpoint_xfer_start
                0x100077dc       0x40 src/CMakeFiles/projeto_tcc_monitoramento.dir/C_/Users/Maker_X/.pico-sdk/sdk/2.1.1/lib/tinyusb/src/portable/raspberrypi/rp2040/rp2040_usb.c.obj
                0x100077dc                hw_endpoint_xfer_start
 .text.tud_event_hook_cb
                0x1000781c        0x4 src/CMakeFiles/projeto_tcc_monitoramento.dir/C_/Users/Maker_X/.pico-sdk/sdk/2.1.1/lib/tinyusb/src/device/usbd.c.obj
                0x1000781c                tud_event_hook_cb
 .text.tud_sof_cb
                0x10007820        0x4 src/CMakeFiles/projeto_tcc_monitoramento.dir/C_/Users/Maker_X/.pico-sdk/sdk/2.1.1/lib/tinyusb/src/device/usbd.c.obj
                0x10007820                tud_sof_cb
 .text.tud_descriptor_device_qualifier_cb
                0x10007824        0x4 src/CMakeFiles/projeto_tcc_monitoramento.dir/C_/Users/Maker_X/.pico-sdk/sdk/2.1.1/lib/tinyusb/src/device/usbd.c.obj
                0x10007824                tud_descriptor_device_qualifier_cb
 .text.tud_descriptor_other_speed_configuration_cb
                0x10007828        0x4 src/CMakeFiles/projeto_tcc_monitoramento.dir/C_/Users/Maker_X/.pico-sdk/sdk/2.1.1/lib/tinyusb/src/device/usbd.c.obj
                0x10007828                tud_descriptor_other_speed_configuration_cb
 .text.tud_mount_cb
                0x1000782c        0x4 src/CMakeFiles/projeto_tcc_monitoramento.dir/C_/Users/Maker_X/.pico-sdk/sdk/2.1.1/lib/tinyusb/src/device/usbd.c.obj
                0x1000782c                tud_mount_cb
 .text.tud_umount_cb
                0x10007830        0x4 src/CMakeFiles/projeto_tcc_monitoramento.dir/C_/Users/Maker_X/.pico-sdk/sdk/2.1.1/lib/tinyusb/src/device/usbd.c.obj
                0x10007830                tud_umount_cb
 .text.tud_suspend_cb
                0x10007834        0x4 src/CMakeFiles/projeto_tcc_monitoramento.dir/C_/Users/Maker_X/.pico-sdk/sdk/2.1.1/lib/tinyusb/src/device/usbd.c.obj
                0x10007834                tud_suspend_cb
 .text.tud_resume_cb
                0x10007838        0x4 src/CMakeFiles/projeto_tcc_monitoramento.dir/C_/Users/Maker_X/.pico-sdk/sdk/2.1.1/lib/tinyusb/src/device/usbd.c.obj
                0x10007838                tud_resume_cb
 .text.tud_mounted
                0x1000783c       0x10 src/CMakeFiles/projeto_tcc_monitoramento.dir/C_/Users/Maker_X/.pico-sdk/sdk/2.1.1/lib/tinyusb/src/device/usbd.c.obj
                0x1000783c                tud_mounted
 .text.tud_suspended
                0x1000784c       0x10 src/CMakeFiles/projeto_tcc_monitoramento.dir/C_/Users/Maker_X/.pico-sdk/sdk/2.1.1/lib/tinyusb/src/device/usbd.c.obj
                0x1000784c                tud_suspended
 .text.tud_rhport_init
                0x1000785c       0xf4 src/CMakeFiles/projeto_tcc_monitoramento.dir/C_/Users/Maker_X/.pico-sdk/sdk/2.1.1/lib/tinyusb/src/device/usbd.c.obj
                0x1000785c                tud_rhport_init
 .text.tud_task_ext
                0x10007950      0x800 src/CMakeFiles/projeto_tcc_monitoramento.dir/C_/Users/Maker_X/.pico-sdk/sdk/2.1.1/lib/tinyusb/src/device/usbd.c.obj
                0x10007950                tud_task_ext
 .text.usbd_open_edpt_pair
                0x10008150       0x9c src/CMakeFiles/projeto_tcc_monitoramento.dir/C_/Users/Maker_X/.pico-sdk/sdk/2.1.1/lib/tinyusb/src/device/usbd.c.obj
                0x10008150                usbd_open_edpt_pair
 .text.usbd_edpt_open
                0x100081ec       0x34 src/CMakeFiles/projeto_tcc_monitoramento.dir/C_/Users/Maker_X/.pico-sdk/sdk/2.1.1/lib/tinyusb/src/device/usbd.c.obj
                0x100081ec                usbd_edpt_open
 .text.usbd_edpt_claim
                0x10008220       0x28 src/CMakeFiles/projeto_tcc_monitoramento.dir/C_/Users/Maker_X/.pico-sdk/sdk/2.1.1/lib/tinyusb/src/device/usbd.c.obj
                0x10008220                usbd_edpt_claim
 .text.usbd_edpt_release
                0x10008248       0x28 src/CMakeFiles/projeto_tcc_monitoramento.dir/C_/Users/Maker_X/.pico-sdk/sdk/2.1.1/lib/tinyusb/src/device/usbd.c.obj
                0x10008248                usbd_edpt_release
 .text.usbd_edpt_xfer
                0x10008270       0x4c src/CMakeFiles/projeto_tcc_monitoramento.dir/C_/Users/Maker_X/.pico-sdk/sdk/2.1.1/lib/tinyusb/src/device/usbd.c.obj
                0x10008270                usbd_edpt_xfer
 .text.tud_control_status
                0x100082bc       0x2c src/CMakeFiles/projeto_tcc_monitoramento.dir/C_/Users/Maker_X/.pico-sdk/sdk/2.1.1/lib/tinyusb/src/device/usbd_control.c.obj
                0x100082bc                tud_control_status
 .text.tud_control_xfer
                0x100082e8       0xa8 src/CMakeFiles/projeto_tcc_monitoramento.dir/C_/Users/Maker_X/.pico-sdk/sdk/2.1.1/lib/tinyusb/src/device/usbd_control.c.obj
                0x100082e8                tud_control_xfer
 .text.usbd_control_reset
                0x10008390       0x14 src/CMakeFiles/projeto_tcc_monitoramento.dir/C_/Users/Maker_X/.pico-sdk/sdk/2.1.1/lib/tinyusb/src/device/usbd_control.c.obj
                0x10008390                usbd_control_reset
 .text.usbd_control_set_complete_callback
                0x100083a4        0xc src/CMakeFiles/projeto_tcc_monitoramento.dir/C_/Users/Maker_X/.pico-sdk/sdk/2.1.1/lib/tinyusb/src/device/usbd_control.c.obj
                0x100083a4                usbd_control_set_complete_callback
 .text.usbd_control_set_request
                0x100083b0       0x1c src/CMakeFiles/projeto_tcc_monitoramento.dir/C_/Users/Maker_X/.pico-sdk/sdk/2.1.1/lib/tinyusb/src/device/usbd_control.c.obj
                0x100083b0                usbd_control_set_request
 .text.usbd_control_xfer_cb
                0x100083cc       0xec src/CMakeFiles/projeto_tcc_monitoramento.dir/C_/Users/Maker_X/.pico-sdk/sdk/2.1.1/lib/tinyusb/src/device/usbd_control.c.obj
                0x100083cc                usbd_control_xfer_cb
 .text._prep_out_transaction.isra.0
                0x100084b8       0x6c src/CMakeFiles/projeto_tcc_monitoramento.dir/C_/Users/Maker_X/.pico-sdk/sdk/2.1.1/lib/tinyusb/src/class/cdc/cdc_device.c.obj
 .text.tud_cdc_n_connected
                0x10008524       0x2c src/CMakeFiles/projeto_tcc_monitoramento.dir/C_/Users/Maker_X/.pico-sdk/sdk/2.1.1/lib/tinyusb/src/class/cdc/cdc_device.c.obj
                0x10008524                tud_cdc_n_connected
 .text.tud_cdc_n_available
                0x10008550       0x14 src/CMakeFiles/projeto_tcc_monitoramento.dir/C_/Users/Maker_X/.pico-sdk/sdk/2.1.1/lib/tinyusb/src/class/cdc/cdc_device.c.obj
                0x10008550                tud_cdc_n_available
 .text.tud_cdc_n_read
                0x10008564       0x88 src/CMakeFiles/projeto_tcc_monitoramento.dir/C_/Users/Maker_X/.pico-sdk/sdk/2.1.1/lib/tinyusb/src/class/cdc/cdc_device.c.obj
                0x10008564                tud_cdc_n_read
 .text.tud_cdc_n_write_flush
                0x100085ec       0x74 src/CMakeFiles/projeto_tcc_monitoramento.dir/C_/Users/Maker_X/.pico-sdk/sdk/2.1.1/lib/tinyusb/src/class/cdc/cdc_device.c.obj
                0x100085ec                tud_cdc_n_write_flush
 .text.tud_cdc_n_write
                0x10008660       0x40 src/CMakeFiles/projeto_tcc_monitoramento.dir/C_/Users/Maker_X/.pico-sdk/sdk/2.1.1/lib/tinyusb/src/class/cdc/cdc_device.c.obj
                0x10008660                tud_cdc_n_write
 .text.tud_cdc_n_write_available
                0x100086a0       0x14 src/CMakeFiles/projeto_tcc_monitoramento.dir/C_/Users/Maker_X/.pico-sdk/sdk/2.1.1/lib/tinyusb/src/class/cdc/cdc_device.c.obj
                0x100086a0                tud_cdc_n_write_available
 .text.cdcd_init
                0x100086b4       0x70 src/CMakeFiles/projeto_tcc_monitoramento.dir/C_/Users/Maker_X/.pico-sdk/sdk/2.1.1/lib/tinyusb/src/class/cdc/cdc_device.c.obj
                0x100086b4                cdcd_init
 .text.cdcd_deinit
                0x10008724       0x30 src/CMakeFiles/projeto_tcc_monitoramento.dir/C_/Users/Maker_X/.pico-sdk/sdk/2.1.1/lib/tinyusb/src/class/cdc/cdc_device.c.obj
                0x10008724                cdcd_deinit
 .text.cdcd_reset
                0x10008754       0x4c src/CMakeFiles/projeto_tcc_monitoramento.dir/C_/Users/Maker_X/.pico-sdk/sdk/2.1.1/lib/tinyusb/src/class/cdc/cdc_device.c.obj
                0x10008754                cdcd_reset
 .text.cdcd_open
                0x100087a0       0xa4 src/CMakeFiles/projeto_tcc_monitoramento.dir/C_/Users/Maker_X/.pico-sdk/sdk/2.1.1/lib/tinyusb/src/class/cdc/cdc_device.c.obj
                0x100087a0                cdcd_open
 .text.cdcd_control_xfer_cb
                0x10008844       0xe8 src/CMakeFiles/projeto_tcc_monitoramento.dir/C_/Users/Maker_X/.pico-sdk/sdk/2.1.1/lib/tinyusb/src/class/cdc/cdc_device.c.obj
                0x10008844                cdcd_control_xfer_cb
 .text.cdcd_xfer_cb
                0x1000892c      0x100 src/CMakeFiles/projeto_tcc_monitoramento.dir/C_/Users/Maker_X/.pico-sdk/sdk/2.1.1/lib/tinyusb/src/class/cdc/cdc_device.c.obj
                0x1000892c                cdcd_xfer_cb
 .text.vendord_init
                0x10008a2c       0x5c src/CMakeFiles/projeto_tcc_monitoramento.dir/C_/Users/Maker_X/.pico-sdk/sdk/2.1.1/lib/tinyusb/src/class/vendor/vendor_device.c.obj
                0x10008a2c                vendord_init
 .text.vendord_deinit
                0x10008a88       0x1c src/CMakeFiles/projeto_tcc_monitoramento.dir/C_/Users/Maker_X/.pico-sdk/sdk/2.1.1/lib/tinyusb/src/class/vendor/vendor_device.c.obj
                0x10008a88                vendord_deinit
 .text.vendord_reset
                0x10008aa4       0x28 src/CMakeFiles/projeto_tcc_monitoramento.dir/C_/Users/Maker_X/.pico-sdk/sdk/2.1.1/lib/tinyusb/src/class/vendor/vendor_device.c.obj
                0x10008aa4                vendord_reset
 .text.vendord_open
                0x10008acc      0x120 src/CMakeFiles/projeto_tcc_monitoramento.dir/C_/Users/Maker_X/.pico-sdk/sdk/2.1.1/lib/tinyusb/src/class/vendor/vendor_device.c.obj
                0x10008acc                vendord_open
 .text.vendord_xfer_cb
                0x10008bec       0x9c src/CMakeFiles/projeto_tcc_monitoramento.dir/C_/Users/Maker_X/.pico-sdk/sdk/2.1.1/lib/tinyusb/src/class/vendor/vendor_device.c.obj
                0x10008bec                vendord_xfer_cb
 .text.tusb_rhport_init
                0x10008c88       0x4c src/CMakeFiles/projeto_tcc_monitoramento.dir/C_/Users/Maker_X/.pico-sdk/sdk/2.1.1/lib/tinyusb/src/tusb.c.obj
                0x10008c88                tusb_rhport_init
 .text.tu_edpt_claim
                0x10008cd4       0x50 src/CMakeFiles/projeto_tcc_monitoramento.dir/C_/Users/Maker_X/.pico-sdk/sdk/2.1.1/lib/tinyusb/src/tusb.c.obj
                0x10008cd4                tu_edpt_claim
 .text.tu_edpt_release
                0x10008d24       0x38 src/CMakeFiles/projeto_tcc_monitoramento.dir/C_/Users/Maker_X/.pico-sdk/sdk/2.1.1/lib/tinyusb/src/tusb.c.obj
                0x10008d24                tu_edpt_release
 .text.tu_edpt_validate
                0x10008d5c       0x7c src/CMakeFiles/projeto_tcc_monitoramento.dir/C_/Users/Maker_X/.pico-sdk/sdk/2.1.1/lib/tinyusb/src/tusb.c.obj
                0x10008d5c                tu_edpt_validate
 .text.tu_edpt_bind_driver
                0x10008dd8       0x34 src/CMakeFiles/projeto_tcc_monitoramento.dir/C_/Users/Maker_X/.pico-sdk/sdk/2.1.1/lib/tinyusb/src/tusb.c.obj
                0x10008dd8                tu_edpt_bind_driver
 .text.tu_edpt_stream_init
                0x10008e0c       0x6c src/CMakeFiles/projeto_tcc_monitoramento.dir/C_/Users/Maker_X/.pico-sdk/sdk/2.1.1/lib/tinyusb/src/tusb.c.obj
                0x10008e0c                tu_edpt_stream_init
 .text.tu_edpt_stream_deinit
                0x10008e78        0x4 src/CMakeFiles/projeto_tcc_monitoramento.dir/C_/Users/Maker_X/.pico-sdk/sdk/2.1.1/lib/tinyusb/src/tusb.c.obj
                0x10008e78                tu_edpt_stream_deinit
 .text.tu_edpt_stream_write_zlp_if_needed
                0x10008e7c       0x68 src/CMakeFiles/projeto_tcc_monitoramento.dir/C_/Users/Maker_X/.pico-sdk/sdk/2.1.1/lib/tinyusb/src/tusb.c.obj
                0x10008e7c                tu_edpt_stream_write_zlp_if_needed
 .text.tu_edpt_stream_write_xfer
                0x10008ee4       0x68 src/CMakeFiles/projeto_tcc_monitoramento.dir/C_/Users/Maker_X/.pico-sdk/sdk/2.1.1/lib/tinyusb/src/tusb.c.obj
                0x10008ee4                tu_edpt_stream_write_xfer
 .text.tu_edpt_stream_read_xfer
                0x10008f4c       0xd8 src/CMakeFiles/projeto_tcc_monitoramento.dir/C_/Users/Maker_X/.pico-sdk/sdk/2.1.1/lib/tinyusb/src/tusb.c.obj
                0x10008f4c                tu_edpt_stream_read_xfer
 .text.tu_fifo_config
                0x10009024       0x6c src/CMakeFiles/projeto_tcc_monitoramento.dir/C_/Users/Maker_X/.pico-sdk/sdk/2.1.1/lib/tinyusb/src/common/tusb_fifo.c.obj
                0x10009024                tu_fifo_config
 .text.tu_fifo_count
                0x10009090       0x2c src/CMakeFiles/projeto_tcc_monitoramento.dir/C_/Users/Maker_X/.pico-sdk/sdk/2.1.1/lib/tinyusb/src/common/tusb_fifo.c.obj
                0x10009090                tu_fifo_count
 .text.tu_fifo_empty
                0x100090bc       0x10 src/CMakeFiles/projeto_tcc_monitoramento.dir/C_/Users/Maker_X/.pico-sdk/sdk/2.1.1/lib/tinyusb/src/common/tusb_fifo.c.obj
                0x100090bc                tu_fifo_empty
 .text.tu_fifo_remaining
                0x100090cc       0x2c src/CMakeFiles/projeto_tcc_monitoramento.dir/C_/Users/Maker_X/.pico-sdk/sdk/2.1.1/lib/tinyusb/src/common/tusb_fifo.c.obj
                0x100090cc                tu_fifo_remaining
 .text.tu_fifo_read
                0x100090f8       0x9c src/CMakeFiles/projeto_tcc_monitoramento.dir/C_/Users/Maker_X/.pico-sdk/sdk/2.1.1/lib/tinyusb/src/common/tusb_fifo.c.obj
                0x100090f8                tu_fifo_read
 .text.tu_fifo_read_n
                0x10009194       0xe8 src/CMakeFiles/projeto_tcc_monitoramento.dir/C_/Users/Maker_X/.pico-sdk/sdk/2.1.1/lib/tinyusb/src/common/tusb_fifo.c.obj
                0x10009194                tu_fifo_read_n
 .text.tu_fifo_write
                0x1000927c       0xa4 src/CMakeFiles/projeto_tcc_monitoramento.dir/C_/Users/Maker_X/.pico-sdk/sdk/2.1.1/lib/tinyusb/src/common/tusb_fifo.c.obj
                0x1000927c                tu_fifo_write
 .text.tu_fifo_write_n
                0x10009320      0x178 src/CMakeFiles/projeto_tcc_monitoramento.dir/C_/Users/Maker_X/.pico-sdk/sdk/2.1.1/lib/tinyusb/src/common/tusb_fifo.c.obj
                0x10009320                tu_fifo_write_n
 .text.tu_fifo_clear
                0x10009498       0x40 src/CMakeFiles/projeto_tcc_monitoramento.dir/C_/Users/Maker_X/.pico-sdk/sdk/2.1.1/lib/tinyusb/src/common/tusb_fifo.c.obj
                0x10009498                tu_fifo_clear
 .text.tu_fifo_set_overwritable
                0x100094d8       0x48 src/CMakeFiles/projeto_tcc_monitoramento.dir/C_/Users/Maker_X/.pico-sdk/sdk/2.1.1/lib/tinyusb/src/common/tusb_fifo.c.obj
                0x100094d8                tu_fifo_set_overwritable
 .text.vPortStartFirstTask
                0x10009520       0x38 src/CMakeFiles/projeto_tcc_monitoramento.dir/__/lib/FreeRTOS-Kernel/portable/ThirdParty/GCC/RP2040/port.c.obj
 .text.prvFIFOInterruptHandler
                0x10009558       0x2c src/CMakeFiles/projeto_tcc_monitoramento.dir/__/lib/FreeRTOS-Kernel/portable/ThirdParty/GCC/RP2040/port.c.obj
 *fill*         0x10009584        0xc 
 .text.xPortPendSVHandler
                0x10009590       0x78 src/CMakeFiles/projeto_tcc_monitoramento.dir/__/lib/FreeRTOS-Kernel/portable/ThirdParty/GCC/RP2040/port.c.obj
                0x10009590                xPortPendSVHandler
 .text.prvTaskExitError
                0x10009608        0x8 src/CMakeFiles/projeto_tcc_monitoramento.dir/__/lib/FreeRTOS-Kernel/portable/ThirdParty/GCC/RP2040/port.c.obj
 .text.xPortSysTickHandler
                0x10009610       0x24 src/CMakeFiles/projeto_tcc_monitoramento.dir/__/lib/FreeRTOS-Kernel/portable/ThirdParty/GCC/RP2040/port.c.obj
                0x10009610                xPortSysTickHandler
 .text.vPortSVCHandler
                0x10009634        0x4 src/CMakeFiles/projeto_tcc_monitoramento.dir/__/lib/FreeRTOS-Kernel/portable/ThirdParty/GCC/RP2040/port.c.obj
                0x10009634                vPortSVCHandler
 .text.pxPortInitialiseStack
                0x10009638       0x20 src/CMakeFiles/projeto_tcc_monitoramento.dir/__/lib/FreeRTOS-Kernel/portable/ThirdParty/GCC/RP2040/port.c.obj
                0x10009638                pxPortInitialiseStack
 .text.vPortYield
                0x10009658       0x18 src/CMakeFiles/projeto_tcc_monitoramento.dir/__/lib/FreeRTOS-Kernel/portable/ThirdParty/GCC/RP2040/port.c.obj
                0x10009658                vPortYield
 .text.ulSetInterruptMaskFromISR
                0x10009670        0x8 src/CMakeFiles/projeto_tcc_monitoramento.dir/__/lib/FreeRTOS-Kernel/portable/ThirdParty/GCC/RP2040/port.c.obj
                0x10009670                ulSetInterruptMaskFromISR
 .text.vClearInterruptMaskFromISR
                0x10009678        0x8 src/CMakeFiles/projeto_tcc_monitoramento.dir/__/lib/FreeRTOS-Kernel/portable/ThirdParty/GCC/RP2040/port.c.obj
                0x10009678                vClearInterruptMaskFromISR
 .text.vYieldCore
                0x10009680        0xc src/CMakeFiles/projeto_tcc_monitoramento.dir/__/lib/FreeRTOS-Kernel/portable/ThirdParty/GCC/RP2040/port.c.obj
                0x10009680                vYieldCore
 .text.vPortSetupTimerInterrupt
                0x1000968c       0x34 src/CMakeFiles/projeto_tcc_monitoramento.dir/__/lib/FreeRTOS-Kernel/portable/ThirdParty/GCC/RP2040/port.c.obj
                0x1000968c                vPortSetupTimerInterrupt
 .text.xPortStartSchedulerOnCore.isra.0
                0x100096c0       0xa4 src/CMakeFiles/projeto_tcc_monitoramento.dir/__/lib/FreeRTOS-Kernel/portable/ThirdParty/GCC/RP2040/port.c.obj
 .text.prvDisableInterruptsAndPortStartSchedulerOnCore
                0x10009764        0x8 src/CMakeFiles/projeto_tcc_monitoramento.dir/__/lib/FreeRTOS-Kernel/portable/ThirdParty/GCC/RP2040/port.c.obj
 .text.xPortStartScheduler
                0x1000976c       0x2c src/CMakeFiles/projeto_tcc_monitoramento.dir/__/lib/FreeRTOS-Kernel/portable/ThirdParty/GCC/RP2040/port.c.obj
                0x1000976c                xPortStartScheduler
 .text.ulPortLockGetCurrentOwnerId
                0x10009798       0x30 src/CMakeFiles/projeto_tcc_monitoramento.dir/__/lib/FreeRTOS-Kernel/portable/ThirdParty/GCC/RP2040/port.c.obj
                0x10009798                ulPortLockGetCurrentOwnerId
 .text.vPortLockInternalSpinUnlockWithWait
                0x100097c8       0x64 src/CMakeFiles/projeto_tcc_monitoramento.dir/__/lib/FreeRTOS-Kernel/portable/ThirdParty/GCC/RP2040/port.c.obj
                0x100097c8                vPortLockInternalSpinUnlockWithWait
 .text.vPortLockInternalSpinUnlockWithNotify
                0x1000982c       0x84 src/CMakeFiles/projeto_tcc_monitoramento.dir/__/lib/FreeRTOS-Kernel/portable/ThirdParty/GCC/RP2040/port.c.obj
                0x1000982c                vPortLockInternalSpinUnlockWithNotify
 .text.xPortLockInternalSpinUnlockWithBestEffortWaitOrTimeout
                0x100098b0       0xf0 src/CMakeFiles/projeto_tcc_monitoramento.dir/__/lib/FreeRTOS-Kernel/portable/ThirdParty/GCC/RP2040/port.c.obj
                0x100098b0                xPortLockInternalSpinUnlockWithBestEffortWaitOrTimeout
 .text.startup.prvRuntimeInitializer
                0x100099a0       0x10 src/CMakeFiles/projeto_tcc_monitoramento.dir/__/lib/FreeRTOS-Kernel/portable/ThirdParty/GCC/RP2040/port.c.obj
 .text.vEventGroupSetBitsCallback
                0x100099b0       0x90 src/CMakeFiles/projeto_tcc_monitoramento.dir/__/lib/FreeRTOS-Kernel/event_groups.c.obj
                0x100099b0                vEventGroupSetBitsCallback
 .text.xEventGroupCreate
                0x10009a40       0x18 src/CMakeFiles/projeto_tcc_monitoramento.dir/__/lib/FreeRTOS-Kernel/event_groups.c.obj
                0x10009a40                xEventGroupCreate
 .text.xEventGroupWaitBits
                0x10009a58       0xb8 src/CMakeFiles/projeto_tcc_monitoramento.dir/__/lib/FreeRTOS-Kernel/event_groups.c.obj
                0x10009a58                xEventGroupWaitBits
 .text.xEventGroupSetBits
                0x10009b10       0x9c src/CMakeFiles/projeto_tcc_monitoramento.dir/__/lib/FreeRTOS-Kernel/event_groups.c.obj
                0x10009b10                xEventGroupSetBits
 .text.xEventGroupSetBitsFromISR
                0x10009bac       0x18 src/CMakeFiles/projeto_tcc_monitoramento.dir/__/lib/FreeRTOS-Kernel/event_groups.c.obj
                0x10009bac                xEventGroupSetBitsFromISR
 .text.vListInitialise
                0x10009bc4       0x18 src/CMakeFiles/projeto_tcc_monitoramento.dir/__/lib/FreeRTOS-Kernel/list.c.obj
                0x10009bc4                vListInitialise
 .text.vListInitialiseItem
                0x10009bdc        0x8 src/CMakeFiles/projeto_tcc_monitoramento.dir/__/lib/FreeRTOS-Kernel/list.c.obj
                0x10009bdc                vListInitialiseItem
 .text.vListInsertEnd
                0x10009be4       0x18 src/CMakeFiles/projeto_tcc_monitoramento.dir/__/lib/FreeRTOS-Kernel/list.c.obj
                0x10009be4                vListInsertEnd
 .text.vListInsert
                0x10009bfc       0x30 src/CMakeFiles/projeto_tcc_monitoramento.dir/__/lib/FreeRTOS-Kernel/list.c.obj
                0x10009bfc                vListInsert
 .text.uxListRemove
                0x10009c2c       0x20 src/CMakeFiles/projeto_tcc_monitoramento.dir/__/lib/FreeRTOS-Kernel/list.c.obj
                0x10009c2c                uxListRemove
 .text.prvUnlockQueue
                0x10009c4c      0x17c src/CMakeFiles/projeto_tcc_monitoramento.dir/__/lib/FreeRTOS-Kernel/queue.c.obj
 .text.prvNotifyQueueSetContainer
                0x10009dc8       0x90 src/CMakeFiles/projeto_tcc_monitoramento.dir/__/lib/FreeRTOS-Kernel/queue.c.obj
 .text.xQueueGenericCreate
                0x10009e58       0xa4 src/CMakeFiles/projeto_tcc_monitoramento.dir/__/lib/FreeRTOS-Kernel/queue.c.obj
                0x10009e58                xQueueGenericCreate
 .text.xQueueCreateCountingSemaphore
                0x10009efc       0x68 src/CMakeFiles/projeto_tcc_monitoramento.dir/__/lib/FreeRTOS-Kernel/queue.c.obj
                0x10009efc                xQueueCreateCountingSemaphore
 .text.xQueueGenericSend
                0x10009f64      0x1d4 src/CMakeFiles/projeto_tcc_monitoramento.dir/__/lib/FreeRTOS-Kernel/queue.c.obj
                0x10009f64                xQueueGenericSend
 .text.xQueueCreateMutex
                0x1000a138       0x6c src/CMakeFiles/projeto_tcc_monitoramento.dir/__/lib/FreeRTOS-Kernel/queue.c.obj
                0x1000a138                xQueueCreateMutex
 .text.xQueueGenericSendFromISR
                0x1000a1a4      0x150 src/CMakeFiles/projeto_tcc_monitoramento.dir/__/lib/FreeRTOS-Kernel/queue.c.obj
                0x1000a1a4                xQueueGenericSendFromISR
 .text.xQueueReceive
                0x1000a2f4      0x11c src/CMakeFiles/projeto_tcc_monitoramento.dir/__/lib/FreeRTOS-Kernel/queue.c.obj
                0x1000a2f4                xQueueReceive
 .text.xQueueSemaphoreTake
                0x1000a410      0x144 src/CMakeFiles/projeto_tcc_monitoramento.dir/__/lib/FreeRTOS-Kernel/queue.c.obj
                0x1000a410                xQueueSemaphoreTake
 .text.vQueueAddToRegistry
                0x1000a554      0x118 src/CMakeFiles/projeto_tcc_monitoramento.dir/__/lib/FreeRTOS-Kernel/queue.c.obj
                0x1000a554                vQueueAddToRegistry
 .text.vQueueWaitForMessageRestricted
                0x1000a66c       0x48 src/CMakeFiles/projeto_tcc_monitoramento.dir/__/lib/FreeRTOS-Kernel/queue.c.obj
                0x1000a66c                vQueueWaitForMessageRestricted
 .text.prvPassiveIdleTask
                0x1000a6b4       0x20 src/CMakeFiles/projeto_tcc_monitoramento.dir/__/lib/FreeRTOS-Kernel/tasks.c.obj
 .text.prvYieldForTask
                0x1000a6d4       0xe0 src/CMakeFiles/projeto_tcc_monitoramento.dir/__/lib/FreeRTOS-Kernel/tasks.c.obj
 .text.prvAddCurrentTaskToDelayedList
                0x1000a7b4      0x144 src/CMakeFiles/projeto_tcc_monitoramento.dir/__/lib/FreeRTOS-Kernel/tasks.c.obj
 .text.prvCreateTask
                0x1000a8f8      0x158 src/CMakeFiles/projeto_tcc_monitoramento.dir/__/lib/FreeRTOS-Kernel/tasks.c.obj
 .text.prvCheckForRunStateChange
                0x1000aa50      0x15c src/CMakeFiles/projeto_tcc_monitoramento.dir/__/lib/FreeRTOS-Kernel/tasks.c.obj
 .text.xTaskIncrementTick.part.0
                0x1000abac      0x1e8 src/CMakeFiles/projeto_tcc_monitoramento.dir/__/lib/FreeRTOS-Kernel/tasks.c.obj
 .text.vTaskSuspendAll.part.0
                0x1000ad94       0xb8 src/CMakeFiles/projeto_tcc_monitoramento.dir/__/lib/FreeRTOS-Kernel/tasks.c.obj
 .text.vTaskSuspendAll
                0x1000ae4c       0xc4 src/CMakeFiles/projeto_tcc_monitoramento.dir/__/lib/FreeRTOS-Kernel/tasks.c.obj
                0x1000ae4c                vTaskSuspendAll
 .text.xTaskGetTickCount
                0x1000af10        0xc src/CMakeFiles/projeto_tcc_monitoramento.dir/__/lib/FreeRTOS-Kernel/tasks.c.obj
                0x1000af10                xTaskGetTickCount
 .text.uxTaskGetNumberOfTasks
                0x1000af1c        0xc src/CMakeFiles/projeto_tcc_monitoramento.dir/__/lib/FreeRTOS-Kernel/tasks.c.obj
                0x1000af1c                uxTaskGetNumberOfTasks
 .text.xTaskIncrementTick
                0x1000af28       0x24 src/CMakeFiles/projeto_tcc_monitoramento.dir/__/lib/FreeRTOS-Kernel/tasks.c.obj
                0x1000af28                xTaskIncrementTick
 .text.vTaskSwitchContext
                0x1000af4c      0x30c src/CMakeFiles/projeto_tcc_monitoramento.dir/__/lib/FreeRTOS-Kernel/tasks.c.obj
                0x1000af4c                vTaskSwitchContext
 .text.vTaskPlaceOnEventList
                0x1000b258      0x148 src/CMakeFiles/projeto_tcc_monitoramento.dir/__/lib/FreeRTOS-Kernel/tasks.c.obj
                0x1000b258                vTaskPlaceOnEventList
 .text.vTaskPlaceOnUnorderedEventList
                0x1000b3a0       0x9c src/CMakeFiles/projeto_tcc_monitoramento.dir/__/lib/FreeRTOS-Kernel/tasks.c.obj
                0x1000b3a0                vTaskPlaceOnUnorderedEventList
 .text.vTaskPlaceOnEventListRestricted
                0x1000b43c       0x8c src/CMakeFiles/projeto_tcc_monitoramento.dir/__/lib/FreeRTOS-Kernel/tasks.c.obj
                0x1000b43c                vTaskPlaceOnEventListRestricted
 .text.xTaskRemoveFromEventList
                0x1000b4c8       0xcc src/CMakeFiles/projeto_tcc_monitoramento.dir/__/lib/FreeRTOS-Kernel/tasks.c.obj
                0x1000b4c8                xTaskRemoveFromEventList
 .text.vTaskInternalSetTimeOutState
                0x1000b594       0x18 src/CMakeFiles/projeto_tcc_monitoramento.dir/__/lib/FreeRTOS-Kernel/tasks.c.obj
                0x1000b594                vTaskInternalSetTimeOutState
 .text.xTaskCheckForTimeOut
                0x1000b5ac      0x204 src/CMakeFiles/projeto_tcc_monitoramento.dir/__/lib/FreeRTOS-Kernel/tasks.c.obj
                0x1000b5ac                xTaskCheckForTimeOut
 .text.vTaskMissedYield
                0x1000b7b0       0x14 src/CMakeFiles/projeto_tcc_monitoramento.dir/__/lib/FreeRTOS-Kernel/tasks.c.obj
                0x1000b7b0                vTaskMissedYield
 .text.xTaskGetCurrentTaskHandle
                0x1000b7c4       0x1c src/CMakeFiles/projeto_tcc_monitoramento.dir/__/lib/FreeRTOS-Kernel/tasks.c.obj
                0x1000b7c4                xTaskGetCurrentTaskHandle
 .text.xTaskPriorityInherit
                0x1000b7e0       0xfc src/CMakeFiles/projeto_tcc_monitoramento.dir/__/lib/FreeRTOS-Kernel/tasks.c.obj
                0x1000b7e0                xTaskPriorityInherit
 .text.xTaskPriorityDisinherit
                0x1000b8dc       0xb8 src/CMakeFiles/projeto_tcc_monitoramento.dir/__/lib/FreeRTOS-Kernel/tasks.c.obj
                0x1000b8dc                xTaskPriorityDisinherit
 .text.vTaskPriorityDisinheritAfterTimeout
                0x1000b994       0xcc src/CMakeFiles/projeto_tcc_monitoramento.dir/__/lib/FreeRTOS-Kernel/tasks.c.obj
                0x1000b994                vTaskPriorityDisinheritAfterTimeout
 .text.vTaskYieldWithinAPI
                0x1000ba60       0x34 src/CMakeFiles/projeto_tcc_monitoramento.dir/__/lib/FreeRTOS-Kernel/tasks.c.obj
                0x1000ba60                vTaskYieldWithinAPI
 .text.vTaskEnterCritical
                0x1000ba94       0xbc src/CMakeFiles/projeto_tcc_monitoramento.dir/__/lib/FreeRTOS-Kernel/tasks.c.obj
                0x1000ba94                vTaskEnterCritical
 .text.vTaskEnterCriticalFromISR
                0x1000bb50       0x70 src/CMakeFiles/projeto_tcc_monitoramento.dir/__/lib/FreeRTOS-Kernel/tasks.c.obj
                0x1000bb50                vTaskEnterCriticalFromISR
 .text.vTaskExitCritical
                0x1000bbc0       0x88 src/CMakeFiles/projeto_tcc_monitoramento.dir/__/lib/FreeRTOS-Kernel/tasks.c.obj
                0x1000bbc0                vTaskExitCritical
 .text.prvAddNewTaskToReadyList
                0x1000bc48       0xec src/CMakeFiles/projeto_tcc_monitoramento.dir/__/lib/FreeRTOS-Kernel/tasks.c.obj
 .text.xTaskCreate
                0x1000bd34       0x2c src/CMakeFiles/projeto_tcc_monitoramento.dir/__/lib/FreeRTOS-Kernel/tasks.c.obj
                0x1000bd34                xTaskCreate
 .text.xTaskCreateAffinitySet
                0x1000bd60       0x28 src/CMakeFiles/projeto_tcc_monitoramento.dir/__/lib/FreeRTOS-Kernel/tasks.c.obj
                0x1000bd60                xTaskCreateAffinitySet
 .text.vTaskStartScheduler
                0x1000bd88       0xb8 src/CMakeFiles/projeto_tcc_monitoramento.dir/__/lib/FreeRTOS-Kernel/tasks.c.obj
                0x1000bd88                vTaskStartScheduler
 .text.vTaskDelete
                0x1000be40      0x140 src/CMakeFiles/projeto_tcc_monitoramento.dir/__/lib/FreeRTOS-Kernel/tasks.c.obj
                0x1000be40                vTaskDelete
 .text.xTaskResumeAll.part.0
                0x1000bf80      0x1ac src/CMakeFiles/projeto_tcc_monitoramento.dir/__/lib/FreeRTOS-Kernel/tasks.c.obj
 .text.xTaskResumeAll
                0x1000c12c       0x18 src/CMakeFiles/projeto_tcc_monitoramento.dir/__/lib/FreeRTOS-Kernel/tasks.c.obj
                0x1000c12c                xTaskResumeAll
 .text.vTaskDelay
                0x1000c144       0x70 src/CMakeFiles/projeto_tcc_monitoramento.dir/__/lib/FreeRTOS-Kernel/tasks.c.obj
                0x1000c144                vTaskDelay
 .text.vTaskRemoveFromUnorderedEventList
                0x1000c1b4       0x8c src/CMakeFiles/projeto_tcc_monitoramento.dir/__/lib/FreeRTOS-Kernel/tasks.c.obj
                0x1000c1b4                vTaskRemoveFromUnorderedEventList
 .text.prvIdleTask
                0x1000c240      0x1f8 src/CMakeFiles/projeto_tcc_monitoramento.dir/__/lib/FreeRTOS-Kernel/tasks.c.obj
 .text.vTaskExitCriticalFromISR
                0x1000c438       0x58 src/CMakeFiles/projeto_tcc_monitoramento.dir/__/lib/FreeRTOS-Kernel/tasks.c.obj
                0x1000c438                vTaskExitCriticalFromISR
 .text.uxTaskResetEventItemValue
                0x1000c490       0x48 src/CMakeFiles/projeto_tcc_monitoramento.dir/__/lib/FreeRTOS-Kernel/tasks.c.obj
                0x1000c490                uxTaskResetEventItemValue
 .text.pvTaskIncrementMutexHeldCount
                0x1000c4d8       0x28 src/CMakeFiles/projeto_tcc_monitoramento.dir/__/lib/FreeRTOS-Kernel/tasks.c.obj
                0x1000c4d8                pvTaskIncrementMutexHeldCount
 .text.ulTaskGenericNotifyTake
                0x1000c500      0x16c src/CMakeFiles/projeto_tcc_monitoramento.dir/__/lib/FreeRTOS-Kernel/tasks.c.obj
                0x1000c500                ulTaskGenericNotifyTake
 .text.xTaskGenericNotify
                0x1000c66c      0x238 src/CMakeFiles/projeto_tcc_monitoramento.dir/__/lib/FreeRTOS-Kernel/tasks.c.obj
                0x1000c66c                xTaskGenericNotify
 .text.prvTimerTask
                0x1000c8a4      0x39c src/CMakeFiles/projeto_tcc_monitoramento.dir/__/lib/FreeRTOS-Kernel/timers.c.obj
 .text.xTimerCreateTimerTask
                0x1000cc40       0x90 src/CMakeFiles/projeto_tcc_monitoramento.dir/__/lib/FreeRTOS-Kernel/timers.c.obj
                0x1000cc40                xTimerCreateTimerTask
 .text.xTimerPendFunctionCallFromISR
                0x1000ccd0       0x2c src/CMakeFiles/projeto_tcc_monitoramento.dir/__/lib/FreeRTOS-Kernel/timers.c.obj
                0x1000ccd0                xTimerPendFunctionCallFromISR
 .text.exception_set_exclusive_handler
                0x1000ccfc       0x48 src/CMakeFiles/projeto_tcc_monitoramento.dir/C_/Users/Maker_X/.pico-sdk/sdk/2.1.1/src/rp2_common/hardware_exception/exception.c.obj
                0x1000ccfc                exception_set_exclusive_handler
 .text.core1_trampoline
                0x1000cd44        0x4 src/CMakeFiles/projeto_tcc_monitoramento.dir/C_/Users/Maker_X/.pico-sdk/sdk/2.1.1/src/rp2_common/pico_multicore/multicore.c.obj
 .text.core1_wrapper
                0x1000cd48        0xc src/CMakeFiles/projeto_tcc_monitoramento.dir/C_/Users/Maker_X/.pico-sdk/sdk/2.1.1/src/rp2_common/pico_multicore/multicore.c.obj
                0x1000cd48                core1_wrapper
 .text.multicore_reset_core1
                0x1000cd54       0x60 src/CMakeFiles/projeto_tcc_monitoramento.dir/C_/Users/Maker_X/.pico-sdk/sdk/2.1.1/src/rp2_common/pico_multicore/multicore.c.obj
                0x1000cd54                multicore_reset_core1
 .text.multicore_launch_core1_raw
                0x1000cdb4       0x8c src/CMakeFiles/projeto_tcc_monitoramento.dir/C_/Users/Maker_X/.pico-sdk/sdk/2.1.1/src/rp2_common/pico_multicore/multicore.c.obj
                0x1000cdb4                multicore_launch_core1_raw
 .text.multicore_launch_core1
                0x1000ce40       0x58 src/CMakeFiles/projeto_tcc_monitoramento.dir/C_/Users/Maker_X/.pico-sdk/sdk/2.1.1/src/rp2_common/pico_multicore/multicore.c.obj
                0x1000ce40                multicore_launch_core1
 .text.adc_init
                0x1000ce98       0x38 src/CMakeFiles/projeto_tcc_monitoramento.dir/C_/Users/Maker_X/.pico-sdk/sdk/2.1.1/src/rp2_common/hardware_adc/adc.c.obj
                0x1000ce98                adc_init
 .text.i2c_read_blocking_internal.constprop.0
                0x1000ced0       0x98 src/CMakeFiles/projeto_tcc_monitoramento.dir/C_/Users/Maker_X/.pico-sdk/sdk/2.1.1/src/rp2_common/hardware_i2c/i2c.c.obj
 .text.i2c_write_blocking_internal.constprop.0
                0x1000cf68       0xf8 src/CMakeFiles/projeto_tcc_monitoramento.dir/C_/Users/Maker_X/.pico-sdk/sdk/2.1.1/src/rp2_common/hardware_i2c/i2c.c.obj
 .text.i2c_set_baudrate
                0x1000d060       0xc0 src/CMakeFiles/projeto_tcc_monitoramento.dir/C_/Users/Maker_X/.pico-sdk/sdk/2.1.1/src/rp2_common/hardware_i2c/i2c.c.obj
                0x1000d060                i2c_set_baudrate
 .text.i2c_init
                0x1000d120       0x50 src/CMakeFiles/projeto_tcc_monitoramento.dir/C_/Users/Maker_X/.pico-sdk/sdk/2.1.1/src/rp2_common/hardware_i2c/i2c.c.obj
                0x1000d120                i2c_init
 .text.i2c_write_blocking
                0x1000d170       0x14 src/CMakeFiles/projeto_tcc_monitoramento.dir/C_/Users/Maker_X/.pico-sdk/sdk/2.1.1/src/rp2_common/hardware_i2c/i2c.c.obj
                0x1000d170                i2c_write_blocking
 .text.i2c_read_blocking
                0x1000d184       0x14 src/CMakeFiles/projeto_tcc_monitoramento.dir/C_/Users/Maker_X/.pico-sdk/sdk/2.1.1/src/rp2_common/hardware_i2c/i2c.c.obj
                0x1000d184                i2c_read_blocking
 .text.calloc   0x1000d198       0x18 C:/Users/MAKERX~1/PICO-S~1/TOOLCH~1/14_2_R~1/bin/../lib/gcc/arm-none-eabi/14.2.1/thumb/v6-m/nofp\libg.a(libc_a-calloc.o)
                0x1000d198                calloc
 .text._calloc_r
                0x1000d1b0       0xa8 C:/Users/MAKERX~1/PICO-S~1/TOOLCH~1/14_2_R~1/bin/../lib/gcc/arm-none-eabi/14.2.1/thumb/v6-m/nofp\libg.a(libc_a-callocr.o)
                0x1000d1b0                _calloc_r
 .text._malloc_r
                0x1000d258      0x5cc C:/Users/MAKERX~1/PICO-S~1/TOOLCH~1/14_2_R~1/bin/../lib/gcc/arm-none-eabi/14.2.1/thumb/v6-m/nofp\libg.a(libc_a-mallocr.o)
                0x1000d258                _malloc_r
 .text.__malloc_lock
                0x1000d824       0x10 C:/Users/MAKERX~1/PICO-S~1/TOOLCH~1/14_2_R~1/bin/../lib/gcc/arm-none-eabi/14.2.1/thumb/v6-m/nofp\libg.a(libc_a-mlock.o)
                0x1000d824                __malloc_lock
 .text.__malloc_unlock
                0x1000d834       0x10 C:/Users/MAKERX~1/PICO-S~1/TOOLCH~1/14_2_R~1/bin/../lib/gcc/arm-none-eabi/14.2.1/thumb/v6-m/nofp\libg.a(libc_a-mlock.o)
                0x1000d834                __malloc_unlock
 .text._sbrk_r  0x1000d844       0x24 C:/Users/MAKERX~1/PICO-S~1/TOOLCH~1/14_2_R~1/bin/../lib/gcc/arm-none-eabi/14.2.1/thumb/v6-m/nofp\libg.a(libc_a-sbrkr.o)
                0x1000d844                _sbrk_r
 .text.__errno  0x1000d868        0xc C:/Users/MAKERX~1/PICO-S~1/TOOLCH~1/14_2_R~1/bin/../lib/gcc/arm-none-eabi/14.2.1/thumb/v6-m/nofp\libg.a(libc_a-errno.o)
                0x1000d868                __errno
 .text.__retarget_lock_acquire_recursive
                0x1000d874        0x4 C:/Users/MAKERX~1/PICO-S~1/TOOLCH~1/14_2_R~1/bin/../lib/gcc/arm-none-eabi/14.2.1/thumb/v6-m/nofp\libg.a(libc_a-lock.o)
                0x1000d874                __retarget_lock_acquire_recursive
 .text.__retarget_lock_release_recursive
                0x1000d878        0x4 C:/Users/MAKERX~1/PICO-S~1/TOOLCH~1/14_2_R~1/bin/../lib/gcc/arm-none-eabi/14.2.1/thumb/v6-m/nofp\libg.a(libc_a-lock.o)
                0x1000d878                __retarget_lock_release_recursive
 .text.sysconf  0x1000d87c       0x1c C:/Users/MAKERX~1/PICO-S~1/TOOLCH~1/14_2_R~1/bin/../lib/gcc/arm-none-eabi/14.2.1/thumb/v6-m/nofp\libg.a(libc_a-sysconf.o)
                0x1000d87c                sysconf
 .text.strlen   0x1000d898       0x5c C:/Users/MAKERX~1/PICO-S~1/TOOLCH~1/14_2_R~1/bin/../lib/gcc/arm-none-eabi/14.2.1/thumb/v6-m/nofp\libg.a(libc_a-strlen-stub.o)
                0x1000d898                strlen
 .text._malloc_trim_r
                0x1000d8f4       0xb4 C:/Users/MAKERX~1/PICO-S~1/TOOLCH~1/14_2_R~1/bin/../lib/gcc/arm-none-eabi/14.2.1/thumb/v6-m/nofp\libg.a(libc_a-freer.o)
                0x1000d8f4                _malloc_trim_r
 .text._free_r  0x1000d9a8      0x1f0 C:/Users/MAKERX~1/PICO-S~1/TOOLCH~1/14_2_R~1/bin/../lib/gcc/arm-none-eabi/14.2.1/thumb/v6-m/nofp\libg.a(libc_a-freer.o)
                0x1000d9a8                _free_r
 *(.fini)
 .fini          0x1000db98        0x4 C:/Users/MAKERX~1/PICO-S~1/TOOLCH~1/14_2_R~1/bin/../lib/gcc/arm-none-eabi/14.2.1/thumb/v6-m/nofp/crti.o
                0x1000db98                _fini
 *fill*         0x1000db9c        0x4 
 .fini.__stub   0x1000dba0       0xd0 linker stubs
 *crtbegin.o(.ctors)
 *crtbegin?.o(.ctors)
 *(EXCLUDE_FILE(*crtend.o *crtend?.o) .ctors)
 *(SORT_BY_NAME(.ctors.*))
 *(.ctors)
 *crtbegin.o(.dtors)
 *crtbegin?.o(.dtors)
 *(EXCLUDE_FILE(*crtend.o *crtend?.o) .dtors)
 *(SORT_BY_NAME(.dtors.*))
 *(.dtors)
                0x1000dc70                        . = ALIGN (0x4)
                0x1000dc70                        PROVIDE (__preinit_array_start = .)
 *(SORT_BY_NAME(.preinit_array.*))
 .preinit_array.00100
                0x1000dc70        0x4 src/CMakeFiles/projeto_tcc_monitoramento.dir/C_/Users/Maker_X/.pico-sdk/sdk/2.1.1/src/rp2_common/pico_runtime_init/runtime_init.c.obj
                0x1000dc70                __pre_init_runtime_init_early_resets
 .preinit_array.00101
                0x1000dc74        0x4 src/CMakeFiles/projeto_tcc_monitoramento.dir/C_/Users/Maker_X/.pico-sdk/sdk/2.1.1/src/rp2_common/pico_runtime_init/runtime_init.c.obj
                0x1000dc74                __pre_init_runtime_init_usb_power_down
 .preinit_array.00275
                0x1000dc78        0x4 src/CMakeFiles/projeto_tcc_monitoramento.dir/C_/Users/Maker_X/.pico-sdk/sdk/2.1.1/src/rp2_common/pico_bit_ops/bit_ops_aeabi.S.obj
 .preinit_array.00300
                0x1000dc7c        0x4 src/CMakeFiles/projeto_tcc_monitoramento.dir/C_/Users/Maker_X/.pico-sdk/sdk/2.1.1/src/rp2_common/pico_mem_ops/mem_ops_aeabi.S.obj
 .preinit_array.00350
                0x1000dc80        0x4 src/CMakeFiles/projeto_tcc_monitoramento.dir/C_/Users/Maker_X/.pico-sdk/sdk/2.1.1/src/rp2_common/pico_double/double_aeabi_rp2040.S.obj
 .preinit_array.00350
                0x1000dc84        0x4 src/CMakeFiles/projeto_tcc_monitoramento.dir/C_/Users/Maker_X/.pico-sdk/sdk/2.1.1/src/rp2_common/pico_float/float_aeabi_rp2040.S.obj
 .preinit_array.00500
                0x1000dc88        0x4 src/CMakeFiles/projeto_tcc_monitoramento.dir/C_/Users/Maker_X/.pico-sdk/sdk/2.1.1/src/rp2_common/pico_runtime_init/runtime_init.c.obj
                0x1000dc88                __pre_init_runtime_init_clocks
 .preinit_array.00600
                0x1000dc8c        0x4 src/CMakeFiles/projeto_tcc_monitoramento.dir/C_/Users/Maker_X/.pico-sdk/sdk/2.1.1/src/rp2_common/pico_runtime_init/runtime_init.c.obj
                0x1000dc8c                __pre_init_runtime_init_post_clock_resets
 .preinit_array.00700
                0x1000dc90        0x4 src/CMakeFiles/projeto_tcc_monitoramento.dir/C_/Users/Maker_X/.pico-sdk/sdk/2.1.1/src/rp2_common/pico_runtime_init/runtime_init.c.obj
                0x1000dc90                __pre_init_runtime_init_rp2040_gpio_ie_disable
 .preinit_array.01000
                0x1000dc94        0x4 src/CMakeFiles/projeto_tcc_monitoramento.dir/C_/Users/Maker_X/.pico-sdk/sdk/2.1.1/src/rp2_common/pico_runtime_init/runtime_init.c.obj
                0x1000dc94                __pre_init_runtime_init_spin_locks_reset
 .preinit_array.01100
                0x1000dc98        0x4 src/CMakeFiles/projeto_tcc_monitoramento.dir/C_/Users/Maker_X/.pico-sdk/sdk/2.1.1/src/common/pico_sync/mutex.c.obj